Archive member included to satisfy reference by file (symbol)

D:/ST/STM32CubeIDE_1.15.1/STM32CubeIDE/plugins/com.st.stm32cube.ide.mcu.externaltools.gnu-tools-for-stm32.12.3.rel1.win32_1.0.100.202403111256/tools/bin/../lib/gcc/arm-none-eabi/12.3.1/../../../../arm-none-eabi/lib/thumb/v7e-m+fp/hard\libc_nano.a(libc_a-exit.o)
                              D:/ST/STM32CubeIDE_1.15.1/STM32CubeIDE/plugins/com.st.stm32cube.ide.mcu.externaltools.gnu-tools-for-stm32.12.3.rel1.win32_1.0.100.202403111256/tools/bin/../lib/gcc/arm-none-eabi/12.3.1/../../../../arm-none-eabi/lib/thumb/v7e-m+fp/hard/crt0.o (exit)
D:/ST/STM32CubeIDE_1.15.1/STM32CubeIDE/plugins/com.st.stm32cube.ide.mcu.externaltools.gnu-tools-for-stm32.12.3.rel1.win32_1.0.100.202403111256/tools/bin/../lib/gcc/arm-none-eabi/12.3.1/../../../../arm-none-eabi/lib/thumb/v7e-m+fp/hard\libc_nano.a(libc_a-findfp.o)
                              D:/ST/STM32CubeIDE_1.15.1/STM32CubeIDE/plugins/com.st.stm32cube.ide.mcu.externaltools.gnu-tools-for-stm32.12.3.rel1.win32_1.0.100.202403111256/tools/bin/../lib/gcc/arm-none-eabi/12.3.1/../../../../arm-none-eabi/lib/thumb/v7e-m+fp/hard\libc_nano.a(libc_a-exit.o) (__stdio_exit_handler)
D:/ST/STM32CubeIDE_1.15.1/STM32CubeIDE/plugins/com.st.stm32cube.ide.mcu.externaltools.gnu-tools-for-stm32.12.3.rel1.win32_1.0.100.202403111256/tools/bin/../lib/gcc/arm-none-eabi/12.3.1/../../../../arm-none-eabi/lib/thumb/v7e-m+fp/hard\libc_nano.a(libc_a-fwalk.o)
                              D:/ST/STM32CubeIDE_1.15.1/STM32CubeIDE/plugins/com.st.stm32cube.ide.mcu.externaltools.gnu-tools-for-stm32.12.3.rel1.win32_1.0.100.202403111256/tools/bin/../lib/gcc/arm-none-eabi/12.3.1/../../../../arm-none-eabi/lib/thumb/v7e-m+fp/hard\libc_nano.a(libc_a-findfp.o) (_fwalk_sglue)
D:/ST/STM32CubeIDE_1.15.1/STM32CubeIDE/plugins/com.st.stm32cube.ide.mcu.externaltools.gnu-tools-for-stm32.12.3.rel1.win32_1.0.100.202403111256/tools/bin/../lib/gcc/arm-none-eabi/12.3.1/../../../../arm-none-eabi/lib/thumb/v7e-m+fp/hard\libc_nano.a(libc_a-sprintf.o)
                              ./Core/Src/ESP8266_HAL.o (sprintf)
D:/ST/STM32CubeIDE_1.15.1/STM32CubeIDE/plugins/com.st.stm32cube.ide.mcu.externaltools.gnu-tools-for-stm32.12.3.rel1.win32_1.0.100.202403111256/tools/bin/../lib/gcc/arm-none-eabi/12.3.1/../../../../arm-none-eabi/lib/thumb/v7e-m+fp/hard\libc_nano.a(libc_a-stdio.o)
                              D:/ST/STM32CubeIDE_1.15.1/STM32CubeIDE/plugins/com.st.stm32cube.ide.mcu.externaltools.gnu-tools-for-stm32.12.3.rel1.win32_1.0.100.202403111256/tools/bin/../lib/gcc/arm-none-eabi/12.3.1/../../../../arm-none-eabi/lib/thumb/v7e-m+fp/hard\libc_nano.a(libc_a-findfp.o) (__sread)
D:/ST/STM32CubeIDE_1.15.1/STM32CubeIDE/plugins/com.st.stm32cube.ide.mcu.externaltools.gnu-tools-for-stm32.12.3.rel1.win32_1.0.100.202403111256/tools/bin/../lib/gcc/arm-none-eabi/12.3.1/../../../../arm-none-eabi/lib/thumb/v7e-m+fp/hard\libc_nano.a(libc_a-memset.o)
                              D:/ST/STM32CubeIDE_1.15.1/STM32CubeIDE/plugins/com.st.stm32cube.ide.mcu.externaltools.gnu-tools-for-stm32.12.3.rel1.win32_1.0.100.202403111256/tools/bin/../lib/gcc/arm-none-eabi/12.3.1/../../../../arm-none-eabi/lib/thumb/v7e-m+fp/hard/crt0.o (memset)
D:/ST/STM32CubeIDE_1.15.1/STM32CubeIDE/plugins/com.st.stm32cube.ide.mcu.externaltools.gnu-tools-for-stm32.12.3.rel1.win32_1.0.100.202403111256/tools/bin/../lib/gcc/arm-none-eabi/12.3.1/../../../../arm-none-eabi/lib/thumb/v7e-m+fp/hard\libc_nano.a(libc_a-strcat.o)
                              ./Core/Src/ESP8266_HAL.o (strcat)
D:/ST/STM32CubeIDE_1.15.1/STM32CubeIDE/plugins/com.st.stm32cube.ide.mcu.externaltools.gnu-tools-for-stm32.12.3.rel1.win32_1.0.100.202403111256/tools/bin/../lib/gcc/arm-none-eabi/12.3.1/../../../../arm-none-eabi/lib/thumb/v7e-m+fp/hard\libc_nano.a(libc_a-closer.o)
                              D:/ST/STM32CubeIDE_1.15.1/STM32CubeIDE/plugins/com.st.stm32cube.ide.mcu.externaltools.gnu-tools-for-stm32.12.3.rel1.win32_1.0.100.202403111256/tools/bin/../lib/gcc/arm-none-eabi/12.3.1/../../../../arm-none-eabi/lib/thumb/v7e-m+fp/hard\libc_nano.a(libc_a-stdio.o) (_close_r)
D:/ST/STM32CubeIDE_1.15.1/STM32CubeIDE/plugins/com.st.stm32cube.ide.mcu.externaltools.gnu-tools-for-stm32.12.3.rel1.win32_1.0.100.202403111256/tools/bin/../lib/gcc/arm-none-eabi/12.3.1/../../../../arm-none-eabi/lib/thumb/v7e-m+fp/hard\libc_nano.a(libc_a-reent.o)
                              D:/ST/STM32CubeIDE_1.15.1/STM32CubeIDE/plugins/com.st.stm32cube.ide.mcu.externaltools.gnu-tools-for-stm32.12.3.rel1.win32_1.0.100.202403111256/tools/bin/../lib/gcc/arm-none-eabi/12.3.1/../../../../arm-none-eabi/lib/thumb/v7e-m+fp/hard\libc_nano.a(libc_a-closer.o) (errno)
D:/ST/STM32CubeIDE_1.15.1/STM32CubeIDE/plugins/com.st.stm32cube.ide.mcu.externaltools.gnu-tools-for-stm32.12.3.rel1.win32_1.0.100.202403111256/tools/bin/../lib/gcc/arm-none-eabi/12.3.1/../../../../arm-none-eabi/lib/thumb/v7e-m+fp/hard\libc_nano.a(libc_a-impure.o)
[...]
Memory Configuration

Name             Origin             Length             Attributes
CCMRAM           0x10000000         0x00010000         xrw
RAM              0x20000000         0x00030000         xrw
FLASH            0x08000000         0x00200000         xr
*default*        0x00000000         0xffffffff

Linker script and memory map

LOAD D:/ST/STM32CubeIDE_1.15.1/STM32CubeIDE/plugins/com.st.stm32cube.ide.mcu.externaltools.gnu-tools-for-stm32.12.3.rel1.win32_1.0.100.202403111256/tools/bin/../lib/gcc/arm-none-eabi/12.3.1/thumb/v7e-m+fp/hard/crti.o
LOAD D:/ST/STM32CubeIDE_1.15.1/STM32CubeIDE/plugins/com.st.stm32cube.ide.mcu.externaltools.gnu-tools-for-stm32.12.3.rel1.win32_1.0.100.202403111256/tools/bin/../lib/gcc/arm-none-eabi/12.3.1/thumb/v7e-m+fp/hard/crtbegin.o
LOAD D:/ST/STM32CubeIDE_1.15.1/STM32CubeIDE/plugins/com.st.stm32cube.ide.mcu.externaltools.gnu-tools-for-stm32.12.3.rel1.win32_1.0.100.202403111256/tools/bin/../lib/gcc/arm-none-eabi/12.3.1/../../../../arm-none-eabi/lib/thumb/v7e-m+fp/hard/crt0.o
LOAD ./Core/Src/ESP8266_HAL.o
LOAD ./Core/Src/UartRingbuffer_multi.o
LOAD ./Core/Src/main.o
LOAD ./Core/Src/stm32f4xx_hal_msp.o
LOAD ./Core/Src/stm32f4xx_it.o
LOAD ./Core/Src/syscalls.o
LOAD ./Core/Src/sysmem.o
LOAD ./Core/Src/system_stm32f4xx.o
LOAD ./Core/Startup/startup_stm32f429zitx.o
LOAD ./Drivers/STM32F4xx_HAL_Driver/Src/stm32f4xx_hal.o
LOAD ./Drivers/STM32F4xx_HAL_Driver/Src/stm32f4xx_hal_cortex.o
LOAD ./Drivers/STM32F4xx_HAL_Driver/Src/stm32f4xx_hal_dma.o
LOAD ./Drivers/STM32F4xx_HAL_Driver/Src/stm32f4xx_hal_dma_ex.o
LOAD ./Drivers/STM32F4xx_HAL_Driver/Src/stm32f4xx_hal_eth.o
LOAD ./Drivers/STM32F4xx_HAL_Driver/Src/stm32f4xx_hal_exti.o
LOAD ./Drivers/STM32F4xx_HAL_Driver/Src/stm32f4xx_hal_flash.o
LOAD ./Drivers/STM32F4xx_HAL_Driver/Src/stm32f4xx_hal_flash_ex.o
LOAD ./Drivers/STM32F4xx_HAL_Driver/Src/stm32f4xx_hal_flash_ramfunc.o
LOAD ./Drivers/STM32F4xx_HAL_Driver/Src/stm32f4xx_hal_gpio.o
LOAD ./Drivers/STM32F4xx_HAL_Driver/Src/stm32f4xx_hal_pcd.o
LOAD ./Drivers/STM32F4xx_HAL_Driver/Src/stm32f4xx_hal_pcd_ex.o
LOAD ./Drivers/STM32F4xx_HAL_Driver/Src/stm32f4xx_hal_pwr.o
LOAD ./Drivers/STM32F4xx_HAL_Driver/Src/stm32f4xx_hal_pwr_ex.o
LOAD ./Drivers/STM32F4xx_HAL_Driver/Src/stm32f4xx_hal_rcc.o
LOAD ./Drivers/STM32F4xx_HAL_Driver/Src/stm32f4xx_hal_rcc_ex.o
LOAD ./Drivers/STM32F4xx_HAL_Driver/Src/stm32f4xx_hal_tim.o
LOAD ./Drivers/STM32F4xx_HAL_Driver/Src/stm32f4xx_hal_tim_ex.o
LOAD ./Drivers/STM32F4xx_HAL_Driver/Src/stm32f4xx_hal_uart.o
LOAD ./Drivers/STM32F4xx_HAL_Driver/Src/stm32f4xx_ll_usb.o
START GROUP
LOAD D:/ST/STM32CubeIDE_1.15.1/STM32CubeIDE/plugins/com.st.stm32cube.ide.mcu.externaltools.gnu-tools-for-stm32.12.3.rel1.win32_1.0.100.202403111256/tools/bin/../lib/gcc/arm-none-eabi/12.3.1/../../../../arm-none-eabi/lib/thumb/v7e-m+fp/hard\libc_nano.a
LOAD D:/ST/STM32CubeIDE_1.15.1/STM32CubeIDE/plugins/com.st.stm32cube.ide.mcu.externaltools.gnu-tools-for-stm32.12.3.rel1.win32_1.0.100.202403111256/tools/bin/../lib/gcc/arm-none-eabi/12.3.1/../../../../arm-none-eabi/lib/thumb/v7e-m+fp/hard\libm.a
END GROUP
START GROUP
LOAD D:/ST/STM32CubeIDE_1.15.1/STM32CubeIDE/plugins/com.st.stm32cube.ide.mcu.externaltools.gnu-tools-for-stm32.12.3.rel1.win32_1.0.100.202403111256/tools/bin/../lib/gcc/arm-none-eabi/12.3.1/thumb/v7e-m+fp/hard\libgcc.a
LOAD D:/ST/STM32CubeIDE_1.15.1/STM32CubeIDE/plugins/com.st.stm32cube.ide.mcu.externaltools.gnu-tools-for-stm32.12.3.rel1.win32_1.0.100.202403111256/tools/bin/../lib/gcc/arm-none-eabi/12.3.1/../../../../arm-none-eabi/lib/thumb/v7e-m+fp/hard\libc_nano.a
END GROUP
START GROUP
LOAD D:/ST/STM32CubeIDE_1.15.1/STM32CubeIDE/plugins/com.st.stm32cube.ide.mcu.externaltools.gnu-tools-for-stm32.12.3.rel1.win32_1.0.100.202403111256/tools/bin/../lib/gcc/arm-none-eabi/12.3.1/thumb/v7e-m+fp/hard\libgcc.a
LOAD D:/ST/STM32CubeIDE_1.15.1/STM32CubeIDE/plugins/com.st.stm32cube.ide.mcu.externaltools.gnu-tools-for-stm32.12.3.rel1.win32_1.0.100.202403111256/tools/bin/../lib/gcc/arm-none-eabi/12.3.1/../../../../arm-none-eabi/lib/thumb/v7e-m+fp/hard\libc_nano.a
LOAD D:/ST/STM32CubeIDE_1.15.1/STM32CubeIDE/plugins/com.st.stm32cube.ide.mcu.externaltools.gnu-tools-for-stm32.12.3.rel1.win32_1.0.100.202403111256/tools/bin/../lib/gcc/arm-none-eabi/12.3.1/../../../../arm-none-eabi/lib/thumb/v7e-m+fp/hard\libnosys.a
END GROUP
START GROUP
LOAD D:/ST/STM32CubeIDE_1.15.1/STM32CubeIDE/plugins/com.st.stm32cube.ide.mcu.externaltools.gnu-tools-for-stm32.12.3.rel1.win32_1.0.100.202403111256/tools/bin/../lib/gcc/arm-none-eabi/12.3.1/thumb/v7e-m+fp/hard\libgcc.a
LOAD D:/ST/STM32CubeIDE_1.15.1/STM32CubeIDE/plugins/com.st.stm32cube.ide.mcu.externaltools.gnu-tools-for-stm32.12.3.rel1.win32_1.0.100.202403111256/tools/bin/../lib/gcc/arm-none-eabi/12.3.1/../../../../arm-none-eabi/lib/thumb/v7e-m+fp/hard\libc_nano.a
LOAD D:/ST/STM32CubeIDE_1.15.1/STM32CubeIDE/plugins/com.st.stm32cube.ide.mcu.externaltools.gnu-tools-for-stm32.12.3.rel1.win32_1.0.100.202403111256/tools/bin/../lib/gcc/arm-none-eabi/12.3.1/../../../../arm-none-eabi/lib/thumb/v7e-m+fp/hard\libnosys.a
END GROUP
LOAD D:/ST/STM32CubeIDE_1.15.1/STM32CubeIDE/plugins/com.st.stm32cube.ide.mcu.externaltools.gnu-tools-for-stm32.12.3.rel1.win32_1.0.100.202403111256/tools/bin/../lib/gcc/arm-none-eabi/12.3.1/thumb/v7e-m+fp/hard/crtend.o
LOAD D:/ST/STM32CubeIDE_1.15.1/STM32CubeIDE/plugins/com.st.stm32cube.ide.mcu.externaltools.gnu-tools-for-stm32.12.3.rel1.win32_1.0.100.202403111256/tools/bin/../lib/gcc/arm-none-eabi/12.3.1/thumb/v7e-m+fp/hard/crtn.o
                0x20030000                        _estack = (ORIGIN (RAM) + LENGTH (RAM))
                0x00000200                        _Min_Heap_Size = 0x200
                0x00000400                        _Min_Stack_Size = 0x400

.isr_vector     0x08000000      0x1ac
                0x08000000                        . = ALIGN (0x4)
 *(.isr_vector)
 .isr_vector    0x08000000      0x1ac ./Core/Startup/startup_stm32f429zitx.o
                0x08000000                g_pfnVectors
                0x080001ac                        . = ALIGN (0x4)

.text           0x080001b0     0x4a14
                0x080001b0                        . = ALIGN (0x4)
 *(.text)
 .text          0x080001b0       0x40 D:/ST/STM32CubeIDE_1.15.1/STM32CubeIDE/plugins/com.st.stm32cube.ide.mcu.externaltools.gnu-tools-for-stm32.12.3.rel1.win32_1.0.100.202403111256/tools/bin/../lib/gcc/arm-none-eabi/12.3.1/thumb/v7e-m+fp/hard/crtbegin.o
 .text          0x080001f0       0x10 D:/ST/STM32CubeIDE_1.15.1/STM32CubeIDE/plugins/com.st.stm32cube.ide.mcu.externaltools.gnu-tools-for-stm32.12.3.rel1.win32_1.0.100.202403111256/tools/bin/../lib/gcc/arm-none-eabi/12.3.1/../../../../arm-none-eabi/lib/thumb/v7e-m+fp/hard\libc_nano.a(libc_a-strlen.o)
                0x080001f0                strlen
 .text          0x08000200       0xa0 D:/ST/STM32CubeIDE_1.15.1/STM32CubeIDE/plugins/com.st.stm32cube.ide.mcu.externaltools.gnu-tools-for-stm32.12.3.rel1.win32_1.0.100.202403111256/tools/bin/../lib/gcc/arm-none-eabi/12.3.1/../../../../arm-none-eabi/lib/thumb/v7e-m+fp/hard\libc_nano.a(libc_a-memchr.o)
                0x08000200                memchr
 .text          0x080002a0       0x30 D:/ST/STM32CubeIDE_1.15.1/STM32CubeIDE/plugins/com.st.stm32cube.ide.mcu.externaltools.gnu-tools-for-stm32.12.3.rel1.win32_1.0.100.202403111256/tools/bin/../lib/gcc/arm-none-eabi/12.3.1/thumb/v7e-m+fp/hard\libgcc.a(_aeabi_uldivmod.o)
                0x080002a0                __aeabi_uldivmod
 .text          0x080002d0      0x2bc D:/ST/STM32CubeIDE_1.15.1/STM32CubeIDE/plugins/com.st.stm32cube.ide.mcu.externaltools.gnu-tools-for-stm32.12.3.rel1.win32_1.0.100.202403111256/tools/bin/../lib/gcc/arm-none-eabi/12.3.1/thumb/v7e-m+fp/hard\libgcc.a(_udivmoddi4.o)
                0x080002d0                __udivmoddi4
 .text          0x0800058c        0x4 D:/ST/STM32CubeIDE_1.15.1/STM32CubeIDE/plugins/com.st.stm32cube.ide.mcu.externaltools.gnu-tools-for-stm32.12.3.rel1.win32_1.0.100.202403111256/tools/bin/../lib/gcc/arm-none-eabi/12.3.1/thumb/v7e-m+fp/hard\libgcc.a(_dvmd_tls.o)
                0x0800058c                __aeabi_idiv0
                0x0800058c                __aeabi_ldiv0
 *(.text*)
 .text.ESP_Clear_Buffer
                0x08000590       0x24 ./Core/Src/ESP8266_HAL.o
                0x08000590                ESP_Clear_Buffer
 .text.ESP_Init
                0x080005b4      0x334 ./Core/Src/ESP8266_HAL.o
                0x080005b4                ESP_Init
 .text.Server_Send
                0x080008e8       0xa0 ./Core/Src/ESP8266_HAL.o
                0x080008e8                Server_Send
 .text.Server_Start
                0x08000988       0xe0 ./Core/Src/ESP8266_HAL.o
                0x08000988                Server_Start
 .text.Ringbuf_init
                0x08000a68       0x90 ./Core/Src/UartRingbuffer_multi.o
                0x08000a68                Ringbuf_init
 .text.store_char
                0x08000af8       0x3e ./Core/Src/UartRingbuffer_multi.o
                0x08000af8                store_char
 .text.Look_for
                0x08000b36       0xa4 ./Core/Src/UartRingbuffer_multi.o
                0x08000b36                Look_for
 *fill*         0x08000bda        0x2 
 .text.Uart_peek
                0x08000bdc       0x80 ./Core/Src/UartRingbuffer_multi.o
                0x08000bdc                Uart_peek
 .text.Uart_read
                0x08000c5c       0xac ./Core/Src/UartRingbuffer_multi.o
                0x08000c5c                Uart_read
 .text.Uart_write
                0x08000d08       0xc8 ./Core/Src/UartRingbuffer_multi.o
                0x08000d08                Uart_write
 .text.IsDataAvailable
                0x08000dd0       0x74 ./Core/Src/UartRingbuffer_multi.o
                0x08000dd0                IsDataAvailable
 .text.Get_after
                0x08000e44       0x5e ./Core/Src/UartRingbuffer_multi.o
                0x08000e44                Get_after
 .text.Uart_sendstring
                0x08000ea2       0x2e ./Core/Src/UartRingbuffer_multi.o
                0x08000ea2                Uart_sendstring
 .text.Copy_upto
                0x08000ed0       0xf4 ./Core/Src/UartRingbuffer_multi.o
                0x08000ed0                Copy_upto
 .text.Wait_for
                0x08000fc4       0xfc ./Core/Src/UartRingbuffer_multi.o
                0x08000fc4                Wait_for
 .text.Uart_isr
                0x080010c0      0x140 ./Core/Src/UartRingbuffer_multi.o
                0x080010c0                Uart_isr
 .text.main     0x08001200       0xa8 ./Core/Src/main.o
                0x08001200                main
 .text.SystemClock_Config
                0x080012a8       0xd8 ./Core/Src/main.o
                0x080012a8                SystemClock_Config
 .text.MX_ETH_Init
                0x08001380       0x9c ./Core/Src/main.o
 .text.MX_USART2_UART_Init
                0x0800141c       0x54 ./Core/Src/main.o
 .text.MX_USART3_UART_Init
                0x08001470       0x54 ./Core/Src/main.o
 .text.MX_USB_OTG_FS_PCD_Init
                0x080014c4       0x5c ./Core/Src/main.o
 .text.MX_GPIO_Init
                0x08001520      0x15c ./Core/Src/main.o
 .text.Error_Handler
                0x0800167c        0xc ./Core/Src/main.o
                0x0800167c                Error_Handler
 .text.HAL_MspInit
                0x08001688       0x50 ./Core/Src/stm32f4xx_hal_msp.o
                0x08001688                HAL_MspInit
 .text.HAL_ETH_MspInit
                0x080016d8      0x18c ./Core/Src/stm32f4xx_hal_msp.o
                0x080016d8                HAL_ETH_MspInit
 .text.HAL_UART_MspInit
                0x08001864      0x158 ./Core/Src/stm32f4xx_hal_msp.o
                0x08001864                HAL_UART_MspInit
 .text.HAL_PCD_MspInit
                0x080019bc       0xb4 ./Core/Src/stm32f4xx_hal_msp.o
                0x080019bc                HAL_PCD_MspInit
 .text.NMI_Handler
                0x08001a70        0x8 ./Core/Src/stm32f4xx_it.o
                0x08001a70                NMI_Handler
 .text.HardFault_Handler
                0x08001a78        0x8 ./Core/Src/stm32f4xx_it.o
                0x08001a78                HardFault_Handler
 .text.MemManage_Handler
                0x08001a80        0x8 ./Core/Src/stm32f4xx_it.o
                0x08001a80                MemManage_Handler
 .text.BusFault_Handler
                0x08001a88        0x8 ./Core/Src/stm32f4xx_it.o
                0x08001a88                BusFault_Handler
 .text.UsageFault_Handler
                0x08001a90        0x8 ./Core/Src/stm32f4xx_it.o
                0x08001a90                UsageFault_Handler
 .text.SVC_Handler
                0x08001a98        0xe ./Core/Src/stm32f4xx_it.o
                0x08001a98                SVC_Handler
 .text.DebugMon_Handler
                0x08001aa6        0xe ./Core/Src/stm32f4xx_it.o
                0x08001aa6                DebugMon_Handler
 .text.PendSV_Handler
                0x08001ab4        0xe ./Core/Src/stm32f4xx_it.o
                0x08001ab4                PendSV_Handler
 .text.SysTick_Handler
                0x08001ac2        0xc ./Core/Src/stm32f4xx_it.o
                0x08001ac2                SysTick_Handler
 *fill*         0x08001ace        0x2 
 .text.USART2_IRQHandler
                0x08001ad0       0x14 ./Core/Src/stm32f4xx_it.o
                0x08001ad0                USART2_IRQHandler
 .text.USART3_IRQHandler
                0x08001ae4       0x14 ./Core/Src/stm32f4xx_it.o
                0x08001ae4                USART3_IRQHandler
 .text._sbrk    0x08001af8       0x6c ./Core/Src/sysmem.o
                0x08001af8                _sbrk
 .text.SystemInit
                0x08001b64       0x24 ./Core/Src/system_stm32f4xx.o
                0x08001b64                SystemInit
 .text.Reset_Handler
                0x08001b88       0x50 ./Core/Startup/startup_stm32f429zitx.o
                0x08001b88                Reset_Handler
 .text.Default_Handler
                0x08001bd8        0x2 ./Core/Startup/startup_stm32f429zitx.o
                0x08001bd8                RTC_Alarm_IRQHandler
                0x08001bd8                HASH_RNG_IRQHandler
                0x08001bd8                EXTI2_IRQHandler
                0x08001bd8                TIM8_CC_IRQHandler
                0x08001bd8                UART8_IRQHandler
                0x08001bd8                SPI4_IRQHandler
                0x08001bd8                TIM1_CC_IRQHandler
                0x08001bd8                DMA2_Stream5_IRQHandler
                0x08001bd8                DMA1_Stream5_IRQHandler
                0x08001bd8                PVD_IRQHandler
                0x08001bd8                SDIO_IRQHandler
                0x08001bd8                TAMP_STAMP_IRQHandler
                0x08001bd8                CAN2_RX1_IRQHandler
                0x08001bd8                EXTI3_IRQHandler
                0x08001bd8                TIM8_TRG_COM_TIM14_IRQHandler
                0x08001bd8                TIM1_UP_TIM10_IRQHandler
                0x08001bd8                TIM8_UP_TIM13_IRQHandler
                0x08001bd8                I2C3_ER_IRQHandler
                0x08001bd8                EXTI0_IRQHandler
                0x08001bd8                I2C2_EV_IRQHandler
                0x08001bd8                DMA1_Stream2_IRQHandler
                0x08001bd8                CAN1_RX0_IRQHandler
                0x08001bd8                FPU_IRQHandler
                0x08001bd8                OTG_HS_WKUP_IRQHandler
                0x08001bd8                LTDC_ER_IRQHandler
                0x08001bd8                CAN2_SCE_IRQHandler
                0x08001bd8                DMA2_Stream2_IRQHandler
                0x08001bd8                SPI1_IRQHandler
                0x08001bd8                TIM6_DAC_IRQHandler
                0x08001bd8                TIM1_BRK_TIM9_IRQHandler
                0x08001bd8                DCMI_IRQHandler
                0x08001bd8                CAN2_RX0_IRQHandler
                0x08001bd8                DMA2_Stream3_IRQHandler
                0x08001bd8                USART6_IRQHandler
                0x08001bd8                CAN1_RX1_IRQHandler
                0x08001bd8                UART5_IRQHandler
                0x08001bd8                DMA2_Stream0_IRQHandler
                0x08001bd8                TIM4_IRQHandler
                0x08001bd8                I2C1_EV_IRQHandler
                0x08001bd8                DMA1_Stream6_IRQHandler
                0x08001bd8                DMA1_Stream1_IRQHandler
                0x08001bd8                UART4_IRQHandler
                0x08001bd8                TIM3_IRQHandler
                0x08001bd8                RCC_IRQHandler
                0x08001bd8                TIM8_BRK_TIM12_IRQHandler
                0x08001bd8                Default_Handler
                0x08001bd8                EXTI15_10_IRQHandler
                0x08001bd8                ADC_IRQHandler
                0x08001bd8                DMA1_Stream7_IRQHandler
                0x08001bd8                SPI5_IRQHandler
                0x08001bd8                TIM7_IRQHandler
                0x08001bd8                CAN2_TX_IRQHandler
                0x08001bd8                TIM5_IRQHandler
                0x08001bd8                DMA2_Stream7_IRQHandler
                0x08001bd8                I2C3_EV_IRQHandler
                0x08001bd8                EXTI9_5_IRQHandler
                0x08001bd8                RTC_WKUP_IRQHandler
                0x08001bd8                LTDC_IRQHandler
                0x08001bd8                ETH_WKUP_IRQHandler
                0x08001bd8                SPI2_IRQHandler
                0x08001bd8                OTG_HS_EP1_IN_IRQHandler
                0x08001bd8                DMA1_Stream0_IRQHandler
                0x08001bd8                CAN1_TX_IRQHandler
                0x08001bd8                EXTI4_IRQHandler
                0x08001bd8                ETH_IRQHandler
                0x08001bd8                OTG_HS_EP1_OUT_IRQHandler
                0x08001bd8                WWDG_IRQHandler
                0x08001bd8                SPI6_IRQHandler
                0x08001bd8                TIM2_IRQHandler
                0x08001bd8                OTG_FS_WKUP_IRQHandler
                0x08001bd8                TIM1_TRG_COM_TIM11_IRQHandler
                0x08001bd8                OTG_HS_IRQHandler
                0x08001bd8                DMA2D_IRQHandler
                0x08001bd8                EXTI1_IRQHandler
                0x08001bd8                UART7_IRQHandler
                0x08001bd8                I2C2_ER_IRQHandler
                0x08001bd8                DMA2_Stream1_IRQHandler
                0x08001bd8                CAN1_SCE_IRQHandler
                0x08001bd8                FLASH_IRQHandler
                0x08001bd8                DMA2_Stream4_IRQHandler
                0x08001bd8                USART1_IRQHandler
                0x08001bd8                OTG_FS_IRQHandler
                0x08001bd8                SPI3_IRQHandler
                0x08001bd8                DMA1_Stream4_IRQHandler
                0x08001bd8                I2C1_ER_IRQHandler
                0x08001bd8                FMC_IRQHandler
                0x08001bd8                DMA2_Stream6_IRQHandler
                0x08001bd8                SAI1_IRQHandler
                0x08001bd8                DMA1_Stream3_IRQHandler
 *fill*         0x08001bda        0x2 
 .text.HAL_Init
                0x08001bdc       0x44 ./Drivers/STM32F4xx_HAL_Driver/Src/stm32f4xx_hal.o
                0x08001bdc                HAL_Init
 .text.HAL_InitTick
                0x08001c20       0x60 ./Drivers/STM32F4xx_HAL_Driver/Src/stm32f4xx_hal.o
                0x08001c20                HAL_InitTick
 .text.HAL_IncTick
                0x08001c80       0x28 ./Drivers/STM32F4xx_HAL_Driver/Src/stm32f4xx_hal.o
                0x08001c80                HAL_IncTick
 .text.HAL_GetTick
                0x08001ca8       0x18 ./Drivers/STM32F4xx_HAL_Driver/Src/stm32f4xx_hal.o
                0x08001ca8                HAL_GetTick
 .text.HAL_Delay
                0x08001cc0       0x48 ./Drivers/STM32F4xx_HAL_Driver/Src/stm32f4xx_hal.o
                0x08001cc0                HAL_Delay
 .text.__NVIC_SetPriorityGrouping
                0x08001d08       0x48 ./Drivers/STM32F4xx_HAL_Driver/Src/stm32f4xx_hal_cortex.o
 .text.__NVIC_GetPriorityGrouping
                0x08001d50       0x1c ./Drivers/STM32F4xx_HAL_Driver/Src/stm32f4xx_hal_cortex.o
 .text.__NVIC_EnableIRQ
                0x08001d6c       0x3c ./Drivers/STM32F4xx_HAL_Driver/Src/stm32f4xx_hal_cortex.o
 .text.__NVIC_SetPriority
                0x08001da8       0x54 ./Drivers/STM32F4xx_HAL_Driver/Src/stm32f4xx_hal_cortex.o
 .text.NVIC_EncodePriority
                0x08001dfc       0x66 ./Drivers/STM32F4xx_HAL_Driver/Src/stm32f4xx_hal_cortex.o
 *fill*         0x08001e62        0x2 
 .text.SysTick_Config
                0x08001e64       0x44 ./Drivers/STM32F4xx_HAL_Driver/Src/stm32f4xx_hal_cortex.o
 .text.HAL_NVIC_SetPriorityGrouping
                0x08001ea8       0x16 ./Drivers/STM32F4xx_HAL_Driver/Src/stm32f4xx_hal_cortex.o
                0x08001ea8                HAL_NVIC_SetPriorityGrouping
 .text.HAL_NVIC_SetPriority
                0x08001ebe       0x38 ./Drivers/STM32F4xx_HAL_Driver/Src/stm32f4xx_hal_cortex.o
                0x08001ebe                HAL_NVIC_SetPriority
 .text.HAL_NVIC_EnableIRQ
                0x08001ef6       0x1c ./Drivers/STM32F4xx_HAL_Driver/Src/stm32f4xx_hal_cortex.o
                0x08001ef6                HAL_NVIC_EnableIRQ
 .text.HAL_SYSTICK_Config
                0x08001f12       0x18 ./Drivers/STM32F4xx_HAL_Driver/Src/stm32f4xx_hal_cortex.o
                0x08001f12                HAL_SYSTICK_Config
 *fill*         0x08001f2a        0x2 
 .text.HAL_ETH_Init
                0x08001f2c       0xfc ./Drivers/STM32F4xx_HAL_Driver/Src/stm32f4xx_hal_eth.o
                0x08001f2c                HAL_ETH_Init
 .text.ETH_SetMACConfig
                0x08002028      0x160 ./Drivers/STM32F4xx_HAL_Driver/Src/stm32f4xx_hal_eth.o
 .text.ETH_SetDMAConfig
                0x08002188      0x114 ./Drivers/STM32F4xx_HAL_Driver/Src/stm32f4xx_hal_eth.o
 .text.ETH_MACDMAConfig
                0x0800229c       0xe4 ./Drivers/STM32F4xx_HAL_Driver/Src/stm32f4xx_hal_eth.o
 .text.ETH_MACAddressConfig
                0x08002380       0x70 ./Drivers/STM32F4xx_HAL_Driver/Src/stm32f4xx_hal_eth.o
 .text.ETH_DMATxDescListInit
                0x080023f0       0xb2 ./Drivers/STM32F4xx_HAL_Driver/Src/stm32f4xx_hal_eth.o
 .text.ETH_DMARxDescListInit
                0x080024a2       0xda ./Drivers/STM32F4xx_HAL_Driver/Src/stm32f4xx_hal_eth.o
 .text.HAL_GPIO_Init
                0x0800257c      0x358 ./Drivers/STM32F4xx_HAL_Driver/Src/stm32f4xx_hal_gpio.o
                0x0800257c                HAL_GPIO_Init
 .text.HAL_GPIO_WritePin
                0x080028d4       0x32 ./Drivers/STM32F4xx_HAL_Driver/Src/stm32f4xx_hal_gpio.o
                0x080028d4                HAL_GPIO_WritePin
 .text.HAL_PCD_Init
                0x08002906      0x21e ./Drivers/STM32F4xx_HAL_Driver/Src/stm32f4xx_hal_pcd.o
                0x08002906                HAL_PCD_Init
 .text.HAL_RCC_OscConfig
                0x08002b24      0x4f0 ./Drivers/STM32F4xx_HAL_Driver/Src/stm32f4xx_hal_rcc.o
                0x08002b24                HAL_RCC_OscConfig
 .text.HAL_RCC_ClockConfig
                0x08003014      0x1cc ./Drivers/STM32F4xx_HAL_Driver/Src/stm32f4xx_hal_rcc.o
                0x08003014                HAL_RCC_ClockConfig
 .text.HAL_RCC_GetSysClockFreq
                0x080031e0      0x20c ./Drivers/STM32F4xx_HAL_Driver/Src/stm32f4xx_hal_rcc.o
                0x080031e0                HAL_RCC_GetSysClockFreq
 .text.HAL_RCC_GetHCLKFreq
                0x080033ec       0x18 ./Drivers/STM32F4xx_HAL_Driver/Src/stm32f4xx_hal_rcc.o
                0x080033ec                HAL_RCC_GetHCLKFreq
 .text.HAL_RCC_GetPCLK1Freq
                0x08003404       0x28 ./Drivers/STM32F4xx_HAL_Driver/Src/stm32f4xx_hal_rcc.o
                0x08003404                HAL_RCC_GetPCLK1Freq
 .text.HAL_RCC_GetPCLK2Freq
                0x0800342c       0x28 ./Drivers/STM32F4xx_HAL_Driver/Src/stm32f4xx_hal_rcc.o
                0x0800342c                HAL_RCC_GetPCLK2Freq
 .text.HAL_UART_Init
                0x08003454       0xa0 ./Drivers/STM32F4xx_HAL_Driver/Src/stm32f4xx_hal_uart.o
                0x08003454                HAL_UART_Init
 .text.HAL_UART_Transmit
                0x080034f4      0x116 ./Drivers/STM32F4xx_HAL_Driver/Src/stm32f4xx_hal_uart.o
                0x080034f4                HAL_UART_Transmit
 .text.UART_WaitOnFlagUntilTimeout
                0x0800360a       0xb2 ./Drivers/STM32F4xx_HAL_Driver/Src/stm32f4xx_hal_uart.o
 .text.UART_EndRxTransfer
                0x080036bc       0xc6 ./Drivers/STM32F4xx_HAL_Driver/Src/stm32f4xx_hal_uart.o
 *fill*         0x08003782        0x2 
 .text.UART_SetConfig
                0x08003784      0x4e8 ./Drivers/STM32F4xx_HAL_Driver/Src/stm32f4xx_hal_uart.o
 .text.USB_CoreInit
                0x08003c6c       0xc8 ./Drivers/STM32F4xx_HAL_Driver/Src/stm32f4xx_ll_usb.o
                0x08003c6c                USB_CoreInit
 .text.USB_DisableGlobalInt
                0x08003d34       0x22 ./Drivers/STM32F4xx_HAL_Driver/Src/stm32f4xx_ll_usb.o
                0x08003d34                USB_DisableGlobalInt
 .text.USB_SetCurrentMode
                0x08003d56       0x98 ./Drivers/STM32F4xx_HAL_Driver/Src/stm32f4xx_ll_usb.o
                0x08003d56                USB_SetCurrentMode
 *fill*         0x08003dee        0x2 
 .text.USB_DevInit
                0x08003df0      0x2c8 ./Drivers/STM32F4xx_HAL_Driver/Src/stm32f4xx_ll_usb.o
                0x08003df0                USB_DevInit
 .text.USB_FlushTxFifo
                0x080040b8       0x64 ./Drivers/STM32F4xx_HAL_Driver/Src/stm32f4xx_ll_usb.o
                0x080040b8                USB_FlushTxFifo
 .text.USB_FlushRxFifo
                0x0800411c       0x5c ./Drivers/STM32F4xx_HAL_Driver/Src/stm32f4xx_ll_usb.o
                0x0800411c                USB_FlushRxFifo
 .text.USB_SetDevSpeed
                0x08004178       0x32 ./Drivers/STM32F4xx_HAL_Driver/Src/stm32f4xx_ll_usb.o
                0x08004178                USB_SetDevSpeed
 .text.USB_DevDisconnect
                0x080041aa       0x42 ./Drivers/STM32F4xx_HAL_Driver/Src/stm32f4xx_ll_usb.o
                0x080041aa                USB_DevDisconnect
 .text.USB_GetMode
                0x080041ec       0x1c ./Drivers/STM32F4xx_HAL_Driver/Src/stm32f4xx_ll_usb.o
                0x080041ec                USB_GetMode
 .text.USB_CoreReset
                0x08004208       0x62 ./Drivers/STM32F4xx_HAL_Driver/Src/stm32f4xx_ll_usb.o
 *fill*         0x0800426a        0x2 
 .text.sprintf  0x0800426c       0x40 D:/ST/STM32CubeIDE_1.15.1/STM32CubeIDE/plugins/com.st.stm32cube.ide.mcu.externaltools.gnu-tools-for-stm32.12.3.rel1.win32_1.0.100.202403111256/tools/bin/../lib/gcc/arm-none-eabi/12.3.1/../../../../arm-none-eabi/lib/thumb/v7e-m+fp/hard\libc_nano.a(libc_a-sprintf.o)
                0x0800426c                siprintf
                0x0800426c                sprintf
 .text.memset   0x080042ac       0x10 D:/ST/STM32CubeIDE_1.15.1/STM32CubeIDE/plugins/com.st.stm32cube.ide.mcu.externaltools.gnu-tools-for-stm32.12.3.rel1.win32_1.0.100.202403111256/tools/bin/../lib/gcc/arm-none-eabi/12.3.1/../../../../arm-none-eabi/lib/thumb/v7e-m+fp/hard\libc_nano.a(libc_a-memset.o)
                0x080042ac                memset
 .text.__errno  0x080042bc        0xc D:/ST/STM32CubeIDE_1.15.1/STM32CubeIDE/plugins/com.st.stm32cube.ide.mcu.externaltools.gnu-tools-for-stm32.12.3.rel1.win32_1.0.100.202403111256/tools/bin/../lib/gcc/arm-none-eabi/12.3.1/../../../../arm-none-eabi/lib/thumb/v7e-m+fp/hard\libc_nano.a(libc_a-errno.o)
                0x080042bc                __errno
 .text.__libc_init_array
                0x080042c8       0x48 D:/ST/STM32CubeIDE_1.15.1/STM32CubeIDE/plugins/com.st.stm32cube.ide.mcu.externaltools.gnu-tools-for-stm32.12.3.rel1.win32_1.0.100.202403111256/tools/bin/../lib/gcc/arm-none-eabi/12.3.1/../../../../arm-none-eabi/lib/thumb/v7e-m+fp/hard\libc_nano.a(libc_a-init.o)
                0x080042c8                __libc_init_array
 .text.__retarget_lock_acquire_recursive
                0x08004310        0x2 D:/ST/STM32CubeIDE_1.15.1/STM32CubeIDE/plugins/com.st.stm32cube.ide.mcu.externaltools.gnu-tools-for-stm32.12.3.rel1.win32_1.0.100.202403111256/tools/bin/../lib/gcc/arm-none-eabi/12.3.1/../../../../arm-none-eabi/lib/thumb/v7e-m+fp/hard\libc_nano.a(libc_a-lock.o)
                0x08004310                __retarget_lock_acquire_recursive
 .text.__retarget_lock_release_recursive
                0x08004312        0x2 D:/ST/STM32CubeIDE_1.15.1/STM32CubeIDE/plugins/com.st.stm32cube.ide.mcu.externaltools.gnu-tools-for-stm32.12.3.rel1.win32_1.0.100.202403111256/tools/bin/../lib/gcc/arm-none-eabi/12.3.1/../../../../arm-none-eabi/lib/thumb/v7e-m+fp/hard\libc_nano.a(libc_a-lock.o)
                0x08004312                __retarget_lock_release_recursive
 .text._free_r  0x08004314       0x94 D:/ST/STM32CubeIDE_1.15.1/STM32CubeIDE/plugins/com.st.stm32cube.ide.mcu.externaltools.gnu-tools-for-stm32.12.3.rel1.win32_1.0.100.202403111256/tools/bin/../lib/gcc/arm-none-eabi/12.3.1/../../../../arm-none-eabi/lib/thumb/v7e-m+fp/hard\libc_nano.a(libc_a-freer.o)
                0x08004314                _free_r
 .text.sbrk_aligned
                0x080043a8       0x44 D:/ST/STM32CubeIDE_1.15.1/STM32CubeIDE/plugins/com.st.stm32cube.ide.mcu.externaltools.gnu-tools-for-stm32.12.3.rel1.win32_1.0.100.202403111256/tools/bin/../lib/gcc/arm-none-eabi/12.3.1/../../../../arm-none-eabi/lib/thumb/v7e-m+fp/hard\libc_nano.a(libc_a-mallocr.o)
 .text._malloc_r
                0x080043ec      0x100 D:/ST/STM32CubeIDE_1.15.1/STM32CubeIDE/plugins/com.st.stm32cube.ide.mcu.externaltools.gnu-tools-for-stm32.12.3.rel1.win32_1.0.100.202403111256/tools/bin/../lib/gcc/arm-none-eabi/12.3.1/../../../../arm-none-eabi/lib/thumb/v7e-m+fp/hard\libc_nano.a(libc_a-mallocr.o)
                0x080043ec                _malloc_r
 .text.__malloc_lock
                0x080044ec        0xc D:/ST/STM32CubeIDE_1.15.1/STM32CubeIDE/plugins/com.st.stm32cube.ide.mcu.externaltools.gnu-tools-for-stm32.12.3.rel1.win32_1.0.100.202403111256/tools/bin/../lib/gcc/arm-none-eabi/12.3.1/../../../../arm-none-eabi/lib/thumb/v7e-m+fp/hard\libc_nano.a(libc_a-mlock.o)
                0x080044ec                __malloc_lock
 .text.__malloc_unlock
                0x080044f8        0xc D:/ST/STM32CubeIDE_1.15.1/STM32CubeIDE/plugins/com.st.stm32cube.ide.mcu.externaltools.gnu-tools-for-stm32.12.3.rel1.win32_1.0.100.202403111256/tools/bin/../lib/gcc/arm-none-eabi/12.3.1/../../../../arm-none-eabi/lib/thumb/v7e-m+fp/hard\libc_nano.a(libc_a-mlock.o)
                0x080044f8                __malloc_unlock
 .text.__ssputs_r
                0x08004504       0xb6 D:/ST/STM32CubeIDE_1.15.1/STM32CubeIDE/plugins/com.st.stm32cube.ide.mcu.externaltools.gnu-tools-for-stm32.12.3.rel1.win32_1.0.100.202403111256/tools/bin/../lib/gcc/arm-none-eabi/12.3.1/../../../../arm-none-eabi/lib/thumb/v7e-m+fp/hard\libc_nano.a(libc_a-nano-svfprintf.o)
                0x08004504                __ssputs_r
 *fill*         0x080045ba        0x2 
 .text._svfprintf_r
                0x080045bc      0x1f8 D:/ST/STM32CubeIDE_1.15.1/STM32CubeIDE/plugins/com.st.stm32cube.ide.mcu.externaltools.gnu-tools-for-stm32.12.3.rel1.win32_1.0.100.202403111256/tools/bin/../lib/gcc/arm-none-eabi/12.3.1/../../../../arm-none-eabi/lib/thumb/v7e-m+fp/hard\libc_nano.a(libc_a-nano-svfprintf.o)
                0x080045bc                _svfiprintf_r
                0x080045bc                _svfprintf_r
 .text._printf_common
                0x080047b4       0xda D:/ST/STM32CubeIDE_1.15.1/STM32CubeIDE/plugins/com.st.stm32cube.ide.mcu.externaltools.gnu-tools-for-stm32.12.3.rel1.win32_1.0.100.202403111256/tools/bin/../lib/gcc/arm-none-eabi/12.3.1/../../../../arm-none-eabi/lib/thumb/v7e-m+fp/hard\libc_nano.a(libc_a-nano-vfprintf_i.o)
                0x080047b4                _printf_common
 *fill*         0x0800488e        0x2 
 .text._printf_i
                0x08004890      0x240 D:/ST/STM32CubeIDE_1.15.1/STM32CubeIDE/plugins/com.st.stm32cube.ide.mcu.externaltools.gnu-tools-for-stm32.12.3.rel1.win32_1.0.100.202403111256/tools/bin/../lib/gcc/arm-none-eabi/12.3.1/../../../../arm-none-eabi/lib/thumb/v7e-m+fp/hard\libc_nano.a(libc_a-nano-vfprintf_i.o)
                0x08004890                _printf_i
 .text.memmove  0x08004ad0       0x34 D:/ST/STM32CubeIDE_1.15.1/STM32CubeIDE/plugins/com.st.stm32cube.ide.mcu.externaltools.gnu-tools-for-stm32.12.3.rel1.win32_1.0.100.202403111256/tools/bin/../lib/gcc/arm-none-eabi/12.3.1/../../../../arm-none-eabi/lib/thumb/v7e-m+fp/hard\libc_nano.a(libc_a-memmove.o)
                0x08004ad0                memmove
 .text._sbrk_r  0x08004b04       0x20 D:/ST/STM32CubeIDE_1.15.1/STM32CubeIDE/plugins/com.st.stm32cube.ide.mcu.externaltools.gnu-tools-for-stm32.12.3.rel1.win32_1.0.100.202403111256/tools/bin/../lib/gcc/arm-none-eabi/12.3.1/../../../../arm-none-eabi/lib/thumb/v7e-m+fp/hard\libc_nano.a(libc_a-sbrkr.o)
                0x08004b04                _sbrk_r
 .text.memcpy   0x08004b24       0x1c D:/ST/STM32CubeIDE_1.15.1/STM32CubeIDE/plugins/com.st.stm32cube.ide.mcu.externaltools.gnu-tools-for-stm32.12.3.rel1.win32_1.0.100.202403111256/tools/bin/../lib/gcc/arm-none-eabi/12.3.1/../../../../arm-none-eabi/lib/thumb/v7e-m+fp/hard\libc_nano.a(libc_a-memcpy-stub.o)
                0x08004b24                memcpy
 .text._realloc_r
                0x08004b40       0x5c D:/ST/STM32CubeIDE_1.15.1/STM32CubeIDE/plugins/com.st.stm32cube.ide.mcu.externaltools.gnu-tools-for-stm32.12.3.rel1.win32_1.0.100.202403111256/tools/bin/../lib/gcc/arm-none-eabi/12.3.1/../../../../arm-none-eabi/lib/thumb/v7e-m+fp/hard\libc_nano.a(libc_a-reallocr.o)
                0x08004b40                _realloc_r
 .text._malloc_usable_size_r
                0x08004b9c       0x10 D:/ST/STM32CubeIDE_1.15.1/STM32CubeIDE/plugins/com.st.stm32cube.ide.mcu.externaltools.gnu-tools-for-stm32.12.3.rel1.win32_1.0.100.202403111256/tools/bin/../lib/gcc/arm-none-eabi/12.3.1/../../../../arm-none-eabi/lib/thumb/v7e-m+fp/hard\libc_nano.a(libc_a-msizer.o)
                0x08004b9c                _malloc_usable_size_r
 *(.glue_7)
 .glue_7        0x08004bac        0x0 linker stubs
 *(.glue_7t)
 .glue_7t       0x08004bac        0x0 linker stubs
 *(.eh_frame)
 .eh_frame      0x08004bac        0x0 D:/ST/STM32CubeIDE_1.15.1/STM32CubeIDE/plugins/com.st.stm32cube.ide.mcu.externaltools.gnu-tools-for-stm32.12.3.rel1.win32_1.0.100.202403111256/tools/bin/../lib/gcc/arm-none-eabi/12.3.1/thumb/v7e-m+fp/hard/crtbegin.o
 *(.init)
 .init          0x08004bac        0x4 D:/ST/STM32CubeIDE_1.15.1/STM32CubeIDE/plugins/com.st.stm32cube.ide.mcu.externaltools.gnu-tools-for-stm32.12.3.rel1.win32_1.0.100.202403111256/tools/bin/../lib/gcc/arm-none-eabi/12.3.1/thumb/v7e-m+fp/hard/crti.o
                0x08004bac                _init
 .init          0x08004bb0        0x8 D:/ST/STM32CubeIDE_1.15.1/STM32CubeIDE/plugins/com.st.stm32cube.ide.mcu.externaltools.gnu-tools-for-stm32.12.3.rel1.win32_1.0.100.202403111256/tools/bin/../lib/gcc/arm-none-eabi/12.3.1/thumb/v7e-m+fp/hard/crtn.o
 *(.fini)
 .fini          0x08004bb8        0x4 D:/ST/STM32CubeIDE_1.15.1/STM32CubeIDE/plugins/com.st.stm32cube.ide.mcu.externaltools.gnu-tools-for-stm32.12.3.rel1.win32_1.0.100.202403111256/tools/bin/../lib/gcc/arm-none-eabi/12.3.1/thumb/v7e-m+fp/hard/crti.o
                0x08004bb8                _fini
 .fini          0x08004bbc        0x8 D:/ST/STM32CubeIDE_1.15.1/STM32CubeIDE/plugins/com.st.stm32cube.ide.mcu.externaltools.gnu-tools-for-stm32.12.3.rel1.win32_1.0.100.202403111256/tools/bin/../lib/gcc/arm-none-eabi/12.3.1/thumb/v7e-m+fp/hard/crtn.o
                0x08004bc4                        . = ALIGN (0x4)
                0x08004bc4                        _etext = .

.vfp11_veneer   0x08004bc4        0x0
 .vfp11_veneer  0x08004bc4        0x0 linker stubs

.v4_bx          0x08004bc4        0x0
 .v4_bx         0x08004bc4        0x0 linker stubs

.iplt           0x08004bc4        0x0
 .iplt          0x08004bc4        0x0 D:/ST/STM32CubeIDE_1.15.1/STM32CubeIDE/plugins/com.st.stm32cube.ide.mcu.externaltools.gnu-tools-for-stm32.12.3.rel1.win32_1.0.100.202403111256/tools/bin/../lib/gcc/arm-none-eabi/12.3.1/thumb/v7e-m+fp/hard/crtbegin.o

.rodata         0x08004bc4      0x86c
                0x08004bc4                        . = ALIGN (0x4)
 *(.rodata)
 .rodata        0x08004bc4      0x794 ./Core/Src/ESP8266_HAL.o
 .rodata        0x08005358       0x8c ./Core/Src/main.o
 *(.rodata*)
 .rodata.AHBPrescTable
                0x080053e4       0x10 ./Core/Src/system_stm32f4xx.o
                0x080053e4                AHBPrescTable
 .rodata.APBPrescTable
                0x080053f4        0x8 ./Core/Src/system_stm32f4xx.o
                0x080053f4                APBPrescTable
 .rodata._svfprintf_r.str1.1
                0x080053fc       0x11 D:/ST/STM32CubeIDE_1.15.1/STM32CubeIDE/plugins/com.st.stm32cube.ide.mcu.externaltools.gnu-tools-for-stm32.12.3.rel1.win32_1.0.100.202403111256/tools/bin/../lib/gcc/arm-none-eabi/12.3.1/../../../../arm-none-eabi/lib/thumb/v7e-m+fp/hard\libc_nano.a(libc_a-nano-svfprintf.o)
 .rodata._printf_i.str1.1
                0x0800540d       0x22 D:/ST/STM32CubeIDE_1.15.1/STM32CubeIDE/plugins/com.st.stm32cube.ide.mcu.externaltools.gnu-tools-for-stm32.12.3.rel1.win32_1.0.100.202403111256/tools/bin/../lib/gcc/arm-none-eabi/12.3.1/../../../../arm-none-eabi/lib/thumb/v7e-m+fp/hard\libc_nano.a(libc_a-nano-vfprintf_i.o)
                0x08005430                        . = ALIGN (0x4)
 *fill*         0x0800542f        0x1 

.ARM.extab      0x08005430        0x0
                0x08005430                        . = ALIGN (0x4)
 *(.ARM.extab* .gnu.linkonce.armextab.*)
                0x08005430                        . = ALIGN (0x4)

.ARM            0x08005430        0x8
                0x08005430                        . = ALIGN (0x4)
                0x08005430                        __exidx_start = .
 *(.ARM.exidx*)
 .ARM.exidx     0x08005430        0x8 D:/ST/STM32CubeIDE_1.15.1/STM32CubeIDE/plugins/com.st.stm32cube.ide.mcu.externaltools.gnu-tools-for-stm32.12.3.rel1.win32_1.0.100.202403111256/tools/bin/../lib/gcc/arm-none-eabi/12.3.1/../../../../arm-none-eabi/lib/thumb/v7e-m+fp/hard\libc_nano.a(libc_a-strlen.o)
 .ARM.exidx     0x08005438        0x0 D:/ST/STM32CubeIDE_1.15.1/STM32CubeIDE/plugins/com.st.stm32cube.ide.mcu.externaltools.gnu-tools-for-stm32.12.3.rel1.win32_1.0.100.202403111256/tools/bin/../lib/gcc/arm-none-eabi/12.3.1/../../../../arm-none-eabi/lib/thumb/v7e-m+fp/hard\libc_nano.a(libc_a-memchr.o)
                                  0x8 (size before relaxing)
 .ARM.exidx     0x08005438        0x0 D:/ST/STM32CubeIDE_1.15.1/STM32CubeIDE/plugins/com.st.stm32cube.ide.mcu.externaltools.gnu-tools-for-stm32.12.3.rel1.win32_1.0.100.202403111256/tools/bin/../lib/gcc/arm-none-eabi/12.3.1/thumb/v7e-m+fp/hard\libgcc.a(_udivmoddi4.o)
                                  0x8 (size before relaxing)
                0x08005438                        __exidx_end = .
                0x08005438                        . = ALIGN (0x4)

.preinit_array  0x08005438        0x0
                0x08005438                        . = ALIGN (0x4)
                0x08005438                        PROVIDE (__preinit_array_start = .)
 *(.preinit_array*)
                0x08005438                        PROVIDE (__preinit_array_end = .)
                0x08005438                        . = ALIGN (0x4)

.init_array     0x08005438        0x4
                0x08005438                        . = ALIGN (0x4)
                0x08005438                        PROVIDE (__init_array_start = .)
 *(SORT_BY_NAME(.init_array.*))
 *(.init_array*)
 .init_array    0x08005438        0x4 D:/ST/STM32CubeIDE_1.15.1/STM32CubeIDE/plugins/com.st.stm32cube.ide.mcu.externaltools.gnu-tools-for-stm32.12.3.rel1.win32_1.0.100.202403111256/tools/bin/../lib/gcc/arm-none-eabi/12.3.1/thumb/v7e-m+fp/hard/crtbegin.o
                0x0800543c                        PROVIDE (__init_array_end = .)
                0x0800543c                        . = ALIGN (0x4)

.fini_array     0x0800543c        0x4
                0x0800543c                        . = ALIGN (0x4)
                [!provide]                        PROVIDE (__fini_array_start = .)
 *(SORT_BY_NAME(.fini_array.*))
 *(.fini_array*)
 .fini_array    0x0800543c        0x4 D:/ST/STM32CubeIDE_1.15.1/STM32CubeIDE/plugins/com.st.stm32cube.ide.mcu.externaltools.gnu-tools-for-stm32.12.3.rel1.win32_1.0.100.202403111256/tools/bin/../lib/gcc/arm-none-eabi/12.3.1/thumb/v7e-m+fp/hard/crtbegin.o
                [!provide]                        PROVIDE (__fini_array_end = .)
                0x08005440                        . = ALIGN (0x4)
                0x08005440                        _sidata = LOADADDR (.data)

.rel.dyn        0x08005440        0x0
 .rel.iplt      0x08005440        0x0 D:/ST/STM32CubeIDE_1.15.1/STM32CubeIDE/plugins/com.st.stm32cube.ide.mcu.externaltools.gnu-tools-for-stm32.12.3.rel1.win32_1.0.100.202403111256/tools/bin/../lib/gcc/arm-none-eabi/12.3.1/thumb/v7e-m+fp/hard/crtbegin.o

.data           0x20000000       0x5c load address 0x08005440
                0x20000000                        . = ALIGN (0x4)
                0x20000000                        _sdata = .
 *(.data)
 *(.data*)
 .data.SystemCoreClock
                0x20000000        0x4 ./Core/Src/system_stm32f4xx.o
                0x20000000                SystemCoreClock
 .data.uwTickPrio
                0x20000004        0x4 ./Drivers/STM32F4xx_HAL_Driver/Src/stm32f4xx_hal.o
                0x20000004                uwTickPrio
 .data.uwTickFreq
                0x20000008        0x1 ./Drivers/STM32F4xx_HAL_Driver/Src/stm32f4xx_hal.o
                0x20000008                uwTickFreq
 *fill*         0x20000009        0x3 
 .data._impure_ptr
                0x2000000c        0x4 D:/ST/STM32CubeIDE_1.15.1/STM32CubeIDE/plugins/com.st.stm32cube.ide.mcu.externaltools.gnu-tools-for-stm32.12.3.rel1.win32_1.0.100.202403111256/tools/bin/../lib/gcc/arm-none-eabi/12.3.1/../../../../arm-none-eabi/lib/thumb/v7e-m+fp/hard\libc_nano.a(libc_a-impure.o)
                0x2000000c                _impure_ptr
 .data._impure_data
                0x20000010       0x4c D:/ST/STM32CubeIDE_1.15.1/STM32CubeIDE/plugins/com.st.stm32cube.ide.mcu.externaltools.gnu-tools-for-stm32.12.3.rel1.win32_1.0.100.202403111256/tools/bin/../lib/gcc/arm-none-eabi/12.3.1/../../../../arm-none-eabi/lib/thumb/v7e-m+fp/hard\libc_nano.a(libc_a-impure.o)
                0x20000010                _impure_data
 *(.RamFunc)
 *(.RamFunc*)
                0x2000005c                        . = ALIGN (0x4)
                0x2000005c                        _edata = .
                0x0800549c                        _siccmram = LOADADDR (.ccmram)

.igot.plt       0x2000005c        0x0 load address 0x0800549c
 .igot.plt      0x2000005c        0x0 D:/ST/STM32CubeIDE_1.15.1/STM32CubeIDE/plugins/com.st.stm32cube.ide.mcu.externaltools.gnu-tools-for-stm32.12.3.rel1.win32_1.0.100.202403111256/tools/bin/../lib/gcc/arm-none-eabi/12.3.1/thumb/v7e-m+fp/hard/crtbegin.o

.ccmram         0x10000000        0x0 load address 0x0800549c
                0x10000000                        . = ALIGN (0x4)
                0x10000000                        _sccmram = .
 *(.ccmram)
 *(.ccmram*)
                0x10000000                        . = ALIGN (0x4)
                0x10000000                        _eccmram = .
                0x10000000                        . = ALIGN (0x4)

.bss            0x2000005c     0x3154
                0x2000005c                        _sbss = .
                0x2000005c                        __bss_start__ = _sbss
 *(.bss)
 .bss           0x2000005c       0x1c D:/ST/STM32CubeIDE_1.15.1/STM32CubeIDE/plugins/com.st.stm32cube.ide.mcu.externaltools.gnu-tools-for-stm32.12.3.rel1.win32_1.0.100.202403111256/tools/bin/../lib/gcc/arm-none-eabi/12.3.1/thumb/v7e-m+fp/hard/crtbegin.o
 *(.bss*)
 .bss.buffer    0x20000078     0x2710 ./Core/Src/ESP8266_HAL.o
                0x20000078                buffer
 .bss.buffer_index
                0x20002788        0x2 ./Core/Src/ESP8266_HAL.o
                0x20002788                buffer_index
 *fill*         0x2000278a        0x2 
 .bss.rx_buffer1
                0x2000278c       0x48 ./Core/Src/UartRingbuffer_multi.o
                0x2000278c                rx_buffer1
 .bss.tx_buffer1
                0x200027d4       0x48 ./Core/Src/UartRingbuffer_multi.o
                0x200027d4                tx_buffer1
 .bss.rx_buffer2
                0x2000281c       0x48 ./Core/Src/UartRingbuffer_multi.o
                0x2000281c                rx_buffer2
 .bss.tx_buffer2
                0x20002864       0x48 ./Core/Src/UartRingbuffer_multi.o
                0x20002864                tx_buffer2
 .bss._rx_buffer1
                0x200028ac        0x4 ./Core/Src/UartRingbuffer_multi.o
                0x200028ac                _rx_buffer1
 .bss._tx_buffer1
                0x200028b0        0x4 ./Core/Src/UartRingbuffer_multi.o
                0x200028b0                _tx_buffer1
 .bss._rx_buffer2
                0x200028b4        0x4 ./Core/Src/UartRingbuffer_multi.o
                0x200028b4                _rx_buffer2
 .bss._tx_buffer2
                0x200028b8        0x4 ./Core/Src/UartRingbuffer_multi.o
                0x200028b8                _tx_buffer2
 .bss.TxConfig  0x200028bc       0x38 ./Core/Src/main.o
                0x200028bc                TxConfig
 .bss.DMARxDscrTab
                0x200028f4       0xa0 ./Core/Src/main.o
                0x200028f4                DMARxDscrTab
 .bss.DMATxDscrTab
                0x20002994       0xa0 ./Core/Src/main.o
                0x20002994                DMATxDscrTab
 .bss.heth      0x20002a34       0xb0 ./Core/Src/main.o
                0x20002a34                heth
 .bss.huart2    0x20002ae4       0x48 ./Core/Src/main.o
                0x20002ae4                huart2
 .bss.huart3    0x20002b2c       0x48 ./Core/Src/main.o
                0x20002b2c                huart3
 .bss.hpcd_USB_OTG_FS
                0x20002b74      0x4e4 ./Core/Src/main.o
                0x20002b74                hpcd_USB_OTG_FS
 .bss.MACAddr.0
                0x20003058        0x6 ./Core/Src/main.o
 *fill*         0x2000305e        0x2 
 .bss.__sbrk_heap_end
                0x20003060        0x4 ./Core/Src/sysmem.o
 .bss.uwTick    0x20003064        0x4 ./Drivers/STM32F4xx_HAL_Driver/Src/stm32f4xx_hal.o
                0x20003064                uwTick
 .bss.__sf      0x20003068      0x138 D:/ST/STM32CubeIDE_1.15.1/STM32CubeIDE/plugins/com.st.stm32cube.ide.mcu.externaltools.gnu-tools-for-stm32.12.3.rel1.win32_1.0.100.202403111256/tools/bin/../lib/gcc/arm-none-eabi/12.3.1/../../../../arm-none-eabi/lib/thumb/v7e-m+fp/hard\libc_nano.a(libc_a-findfp.o)
                0x20003068                __sf
 .bss.errno     0x200031a0        0x4 D:/ST/STM32CubeIDE_1.15.1/STM32CubeIDE/plugins/com.st.stm32cube.ide.mcu.externaltools.gnu-tools-for-stm32.12.3.rel1.win32_1.0.100.202403111256/tools/bin/../lib/gcc/arm-none-eabi/12.3.1/../../../../arm-none-eabi/lib/thumb/v7e-m+fp/hard\libc_nano.a(libc_a-reent.o)
                0x200031a0                errno
 .bss.__lock___malloc_recursive_mutex
                0x200031a4        0x1 D:/ST/STM32CubeIDE_1.15.1/STM32CubeIDE/plugins/com.st.stm32cube.ide.mcu.externaltools.gnu-tools-for-stm32.12.3.rel1.win32_1.0.100.202403111256/tools/bin/../lib/gcc/arm-none-eabi/12.3.1/../../../../arm-none-eabi/lib/thumb/v7e-m+fp/hard\libc_nano.a(libc_a-lock.o)
                0x200031a4                __lock___malloc_recursive_mutex
 *fill*         0x200031a5        0x3 
 .bss.__malloc_sbrk_start
                0x200031a8        0x4 D:/ST/STM32CubeIDE_1.15.1/STM32CubeIDE/plugins/com.st.stm32cube.ide.mcu.externaltools.gnu-tools-for-stm32.12.3.rel1.win32_1.0.100.202403111256/tools/bin/../lib/gcc/arm-none-eabi/12.3.1/../../../../arm-none-eabi/lib/thumb/v7e-m+fp/hard\libc_nano.a(libc_a-mallocr.o)
                0x200031a8                __malloc_sbrk_start
 .bss.__malloc_free_list
                0x200031ac        0x4 D:/ST/STM32CubeIDE_1.15.1/STM32CubeIDE/plugins/com.st.stm32cube.ide.mcu.externaltools.gnu-tools-for-stm32.12.3.rel1.win32_1.0.100.202403111256/tools/bin/../lib/gcc/arm-none-eabi/12.3.1/../../../../arm-none-eabi/lib/thumb/v7e-m+fp/hard\libc_nano.a(libc_a-mallocr.o)
                0x200031ac                __malloc_free_list
 *(COMMON)
                0x200031b0                        . = ALIGN (0x4)
                0x200031b0                        _ebss = .
                0x200031b0                        __bss_end__ = _ebss

._user_heap_stack
                0x200031b0      0x600
                0x200031b0                        . = ALIGN (0x8)
                [!provide]                        PROVIDE (end = .)
                0x200031b0                        PROVIDE (_end = .)
                0x200033b0                        . = (. + _Min_Heap_Size)
 *fill*         0x200031b0      0x200 
                0x200037b0                        . = (. + _Min_Stack_Size)
 *fill*         0x200033b0      0x400 
                0x200037b0                        . = ALIGN (0x8)

/DISCARD/
 libc.a(*)
 libm.a(*)
 libgcc.a(*)

.ARM.attributes
                0x00000000       0x30
 *(.ARM.attributes)
 .ARM.attributes
                0x00000000       0x22 D:/ST/STM32CubeIDE_1.15.1/STM32CubeIDE/plugins/com.st.stm32cube.ide.mcu.externaltools.gnu-tools-for-stm32.12.3.rel1.win32_1.0.100.202403111256/tools/bin/../lib/gcc/arm-none-eabi/12.3.1/thumb/v7e-m+fp/hard/crti.o
 .ARM.attributes
                0x00000022       0x34 D:/ST/STM32CubeIDE_1.15.1/STM32CubeIDE/plugins/com.st.stm32cube.ide.mcu.externaltools.gnu-tools-for-stm32.12.3.rel1.win32_1.0.100.202403111256/tools/bin/../lib/gcc/arm-none-eabi/12.3.1/thumb/v7e-m+fp/hard/crtbegin.o
 .ARM.attributes
                0x00000056       0x34 ./Core/Src/ESP8266_HAL.o
 .ARM.attributes
                0x0000008a       0x34 ./Core/Src/UartRingbuffer_multi.o
 .ARM.attributes
                0x000000be       0x34 ./Core/Src/main.o
 .ARM.attributes
                0x000000f2       0x34 ./Core/Src/stm32f4xx_hal_msp.o
 .ARM.attributes
                0x00000126       0x34 ./Core/Src/stm32f4xx_it.o
 .ARM.attributes
                0x0000015a       0x34 ./Core/Src/sysmem.o
 .ARM.attributes
                0x0000018e       0x34 ./Core/Src/system_stm32f4xx.o
 .ARM.attributes
                0x000001c2       0x21 ./Core/Startup/startup_stm32f429zitx.o
 .ARM.attributes
                0x000001e3       0x34 ./Drivers/STM32F4xx_HAL_Driver/Src/stm32f4xx_hal.o
 .ARM.attributes
                0x00000217       0x34 ./Drivers/STM32F4xx_HAL_Driver/Src/stm32f4xx_hal_cortex.o
 .ARM.attributes
                0x0000024b       0x34 ./Drivers/STM32F4xx_HAL_Driver/Src/stm32f4xx_hal_eth.o
 .ARM.attributes
                0x0000027f       0x34 ./Drivers/STM32F4xx_HAL_Driver/Src/stm32f4xx_hal_gpio.o
 .ARM.attributes
                0x000002b3       0x34 ./Drivers/STM32F4xx_HAL_Driver/Src/stm32f4xx_hal_pcd.o
 .ARM.attributes
                0x000002e7       0x34 ./Drivers/STM32F4xx_HAL_Driver/Src/stm32f4xx_hal_rcc.o
 .ARM.attributes
                0x0000031b       0x34 ./Drivers/STM32F4xx_HAL_Driver/Src/stm32f4xx_hal_uart.o
 .ARM.attributes
                0x0000034f       0x34 ./Drivers/STM32F4xx_HAL_Driver/Src/stm32f4xx_ll_usb.o
 .ARM.attributes
                0x00000383       0x34 D:/ST/STM32CubeIDE_1.15.1/STM32CubeIDE/plugins/com.st.stm32cube.ide.mcu.externaltools.gnu-tools-for-stm32.12.3.rel1.win32_1.0.100.202403111256/tools/bin/../lib/gcc/arm-none-eabi/12.3.1/../../../../arm-none-eabi/lib/thumb/v7e-m+fp/hard\libc_nano.a(libc_a-findfp.o)
 .ARM.attributes
                0x000003b7       0x34 D:/ST/STM32CubeIDE_1.15.1/STM32CubeIDE/plugins/com.st.stm32cube.ide.mcu.externaltools.gnu-tools-for-stm32.12.3.rel1.win32_1.0.100.202403111256/tools/bin/../lib/gcc/arm-none-eabi/12.3.1/../../../../arm-none-eabi/lib/thumb/v7e-m+fp/hard\libc_nano.a(libc_a-sprintf.o)
 .ARM.attributes
                0x000003eb       0x34 D:/ST/STM32CubeIDE_1.15.1/STM32CubeIDE/plugins/com.st.stm32cube.ide.mcu.externaltools.gnu-tools-for-stm32.12.3.rel1.win32_1.0.100.202403111256/tools/bin/../lib/gcc/arm-none-eabi/12.3.1/../../../../arm-none-eabi/lib/thumb/v7e-m+fp/hard\libc_nano.a(libc_a-memset.o)
 .ARM.attributes
                0x0000041f       0x34 D:/ST/STM32CubeIDE_1.15.1/STM32CubeIDE/plugins/com.st.stm32cube.ide.mcu.externaltools.gnu-tools-for-stm32.12.3.rel1.win32_1.0.100.202403111256/tools/bin/../lib/gcc/arm-none-eabi/12.3.1/../../../../arm-none-eabi/lib/thumb/v7e-m+fp/hard\libc_nano.a(libc_a-reent.o)
 .ARM.attributes
                0x00000453       0x34 D:/ST/STM32CubeIDE_1.15.1/STM32CubeIDE/plugins/com.st.stm32cube.ide.mcu.externaltools.gnu-tools-for-stm32.12.3.rel1.win32_1.0.100.202403111256/tools/bin/../lib/gcc/arm-none-eabi/12.3.1/../../../../arm-none-eabi/lib/thumb/v7e-m+fp/hard\libc_nano.a(libc_a-impure.o)
 .ARM.attributes
                0x00000487       0x34 D:/ST/STM32CubeIDE_1.15.1/STM32CubeIDE/plugins/com.st.stm32cube.ide.mcu.externaltools.gnu-tools-for-stm32.12.3.rel1.win32_1.0.100.202403111256/tools/bin/../lib/gcc/arm-none-eabi/12.3.1/../../../../arm-none-eabi/lib/thumb/v7e-m+fp/hard\libc_nano.a(libc_a-errno.o)
 .ARM.attributes
                0x000004bb       0x34 D:/ST/STM32CubeIDE_1.15.1/STM32CubeIDE/plugins/com.st.stm32cube.ide.mcu.externaltools.gnu-tools-for-stm32.12.3.rel1.win32_1.0.100.202403111256/tools/bin/../lib/gcc/arm-none-eabi/12.3.1/../../../../arm-none-eabi/lib/thumb/v7e-m+fp/hard\libc_nano.a(libc_a-init.o)
 .ARM.attributes
                0x000004ef       0x34 D:/ST/STM32CubeIDE_1.15.1/STM32CubeIDE/plugins/com.st.stm32cube.ide.mcu.externaltools.gnu-tools-for-stm32.12.3.rel1.win32_1.0.100.202403111256/tools/bin/../lib/gcc/arm-none-eabi/12.3.1/../../../../arm-none-eabi/lib/thumb/v7e-m+fp/hard\libc_nano.a(libc_a-lock.o)
 .ARM.attributes
                0x00000523       0x17 D:/ST/STM32CubeIDE_1.15.1/STM32CubeIDE/plugins/com.st.stm32cube.ide.mcu.externaltools.gnu-tools-for-stm32.12.3.rel1.win32_1.0.100.202403111256/tools/bin/../lib/gcc/arm-none-eabi/12.3.1/../../../../arm-none-eabi/lib/thumb/v7e-m+fp/hard\libc_nano.a(libc_a-strlen.o)
 .ARM.attributes
                0x0000053a       0x34 D:/ST/STM32CubeIDE_1.15.1/STM32CubeIDE/plugins/com.st.stm32cube.ide.mcu.externaltools.gnu-tools-for-stm32.12.3.rel1.win32_1.0.100.202403111256/tools/bin/../lib/gcc/arm-none-eabi/12.3.1/../../../../arm-none-eabi/lib/thumb/v7e-m+fp/hard\libc_nano.a(libc_a-freer.o)
 .ARM.attributes
                0x0000056e       0x34 D:/ST/STM32CubeIDE_1.15.1/STM32CubeIDE/plugins/com.st.stm32cube.ide.mcu.externaltools.gnu-tools-for-stm32.12.3.rel1.win32_1.0.100.202403111256/tools/bin/../lib/gcc/arm-none-eabi/12.3.1/../../../../arm-none-eabi/lib/thumb/v7e-m+fp/hard\libc_nano.a(libc_a-mallocr.o)
 .ARM.attributes
                0x000005a2       0x34 D:/ST/STM32CubeIDE_1.15.1/STM32CubeIDE/plugins/com.st.stm32cube.ide.mcu.externaltools.gnu-tools-for-stm32.12.3.rel1.win32_1.0.100.202403111256/tools/bin/../lib/gcc/arm-none-eabi/12.3.1/../../../../arm-none-eabi/lib/thumb/v7e-m+fp/hard\libc_nano.a(libc_a-mlock.o)
 .ARM.attributes
                0x000005d6       0x34 D:/ST/STM32CubeIDE_1.15.1/STM32CubeIDE/plugins/com.st.stm32cube.ide.mcu.externaltools.gnu-tools-for-stm32.12.3.rel1.win32_1.0.100.202403111256/tools/bin/../lib/gcc/arm-none-eabi/12.3.1/../../../../arm-none-eabi/lib/thumb/v7e-m+fp/hard\libc_nano.a(libc_a-nano-svfprintf.o)
 .ARM.attributes
                0x0000060a       0x34 D:/ST/STM32CubeIDE_1.15.1/STM32CubeIDE/plugins/com.st.stm32cube.ide.mcu.externaltools.gnu-tools-for-stm32.12.3.rel1.win32_1.0.100.202403111256/tools/bin/../lib/gcc/arm-none-eabi/12.3.1/../../../../arm-none-eabi/lib/thumb/v7e-m+fp/hard\libc_nano.a(libc_a-nano-vfprintf_i.o)
 .ARM.attributes
                0x0000063e       0x34 D:/ST/STM32CubeIDE_1.15.1/STM32CubeIDE/plugins/com.st.stm32cube.ide.mcu.externaltools.gnu-tools-for-stm32.12.3.rel1.win32_1.0.100.202403111256/tools/bin/../lib/gcc/arm-none-eabi/12.3.1/../../../../arm-none-eabi/lib/thumb/v7e-m+fp/hard\libc_nano.a(libc_a-memmove.o)
 .ARM.attributes
                0x00000672       0x34 D:/ST/STM32CubeIDE_1.15.1/STM32CubeIDE/plugins/com.st.stm32cube.ide.mcu.externaltools.gnu-tools-for-stm32.12.3.rel1.win32_1.0.100.202403111256/tools/bin/../lib/gcc/arm-none-eabi/12.3.1/../../../../arm-none-eabi/lib/thumb/v7e-m+fp/hard\libc_nano.a(libc_a-sbrkr.o)
 .ARM.attributes
                0x000006a6       0x1c D:/ST/STM32CubeIDE_1.15.1/STM32CubeIDE/plugins/com.st.stm32cube.ide.mcu.externaltools.gnu-tools-for-stm32.12.3.rel1.win32_1.0.100.202403111256/tools/bin/../lib/gcc/arm-none-eabi/12.3.1/../../../../arm-none-eabi/lib/thumb/v7e-m+fp/hard\libc_nano.a(libc_a-memchr.o)
 .ARM.attributes
                0x000006c2       0x34 D:/ST/STM32CubeIDE_1.15.1/STM32CubeIDE/plugins/com.st.stm32cube.ide.mcu.externaltools.gnu-tools-for-stm32.12.3.rel1.win32_1.0.100.202403111256/tools/bin/../lib/gcc/arm-none-eabi/12.3.1/../../../../arm-none-eabi/lib/thumb/v7e-m+fp/hard\libc_nano.a(libc_a-memcpy-stub.o)
 .ARM.attributes
                0x000006f6       0x34 D:/ST/STM32CubeIDE_1.15.1/STM32CubeIDE/plugins/com.st.stm32cube.ide.mcu.externaltools.gnu-tools-for-stm32.12.3.rel1.win32_1.0.100.202403111256/tools/bin/../lib/gcc/arm-none-eabi/12.3.1/../../../../arm-none-eabi/lib/thumb/v7e-m+fp/hard\libc_nano.a(libc_a-reallocr.o)
 .ARM.attributes
                0x0000072a       0x34 D:/ST/STM32CubeIDE_1.15.1/STM32CubeIDE/plugins/com.st.stm32cube.ide.mcu.externaltools.gnu-tools-for-stm32.12.3.rel1.win32_1.0.100.202403111256/tools/bin/../lib/gcc/arm-none-eabi/12.3.1/../../../../arm-none-eabi/lib/thumb/v7e-m+fp/hard\libc_nano.a(libc_a-msizer.o)
 .ARM.attributes
                0x0000075e       0x22 D:/ST/STM32CubeIDE_1.15.1/STM32CubeIDE/plugins/com.st.stm32cube.ide.mcu.externaltools.gnu-tools-for-stm32.12.3.rel1.win32_1.0.100.202403111256/tools/bin/../lib/gcc/arm-none-eabi/12.3.1/thumb/v7e-m+fp/hard\libgcc.a(_aeabi_uldivmod.o)
 .ARM.attributes
                0x00000780       0x34 D:/ST/STM32CubeIDE_1.15.1/STM32CubeIDE/plugins/com.st.stm32cube.ide.mcu.externaltools.gnu-tools-for-stm32.12.3.rel1.win32_1.0.100.202403111256/tools/bin/../lib/gcc/arm-none-eabi/12.3.1/thumb/v7e-m+fp/hard\libgcc.a(_udivmoddi4.o)
 .ARM.attributes
                0x000007b4       0x22 D:/ST/STM32CubeIDE_1.15.1/STM32CubeIDE/plugins/com.st.stm32cube.ide.mcu.externaltools.gnu-tools-for-stm32.12.3.rel1.win32_1.0.100.202403111256/tools/bin/../lib/gcc/arm-none-eabi/12.3.1/thumb/v7e-m+fp/hard\libgcc.a(_dvmd_tls.o)
 .ARM.attributes
                0x000007d6       0x22 D:/ST/STM32CubeIDE_1.15.1/STM32CubeIDE/plugins/com.st.stm32cube.ide.mcu.externaltools.gnu-tools-for-stm32.12.3.rel1.win32_1.0.100.202403111256/tools/bin/../lib/gcc/arm-none-eabi/12.3.1/thumb/v7e-m+fp/hard/crtn.o
OUTPUT(baby.elf elf32-littlearm)
LOAD linker stubs
LOAD D:/ST/STM32CubeIDE_1.15.1/STM32CubeIDE/plugins/com.st.stm32cube.ide.mcu.externaltools.gnu-tools-for-stm32.12.3.rel1.win32_1.0.100.202403111256/tools/bin/../lib/gcc/arm-none-eabi/12.3.1/../../../../arm-none-eabi/lib/thumb/v7e-m+fp/hard\libc.a
LOAD D:/ST/STM32CubeIDE_1.15.1/STM32CubeIDE/plugins/com.st.stm32cube.ide.mcu.externaltools.gnu-tools-for-stm32.12.3.rel1.win32_1.0.100.202403111256/tools/bin/../lib/gcc/arm-none-eabi/12.3.1/../../../../arm-none-eabi/lib/thumb/v7e-m+fp/hard\libm.a
LOAD D:/ST/STM32CubeIDE_1.15.1/STM32CubeIDE/plugins/com.st.stm32cube.ide.mcu.externaltools.gnu-tools-for-stm32.12.3.rel1.win32_1.0.100.202403111256/tools/bin/../lib/gcc/arm-none-eabi/12.3.1/thumb/v7e-m+fp/hard\libgcc.a

.debug_info     0x00000000     0xfe8b
 .debug_info    0x00000000      0xa03 ./Core/Src/ESP8266_HAL.o
 .debug_info    0x00000a03      0xb31 ./Core/Src/UartRingbuffer_multi.o
 .debug_info    0x00001534     0x1bdc ./Core/Src/main.o
 .debug_info    0x00003110     0x1a8c ./Core/Src/stm32f4xx_hal_msp.o
 .debug_info    0x00004b9c      0x650 ./Core/Src/stm32f4xx_it.o
 .debug_info    0x000051ec      0x168 ./Core/Src/sysmem.o
 .debug_info    0x00005354      0x52e ./Core/Src/system_stm32f4xx.o
 .debug_info    0x00005882       0x30 ./Core/Startup/startup_stm32f429zitx.o
 .debug_info    0x000058b2      0x9ba ./Drivers/STM32F4xx_HAL_Driver/Src/stm32f4xx_hal.o
 .debug_info    0x0000626c      0xd8d ./Drivers/STM32F4xx_HAL_Driver/Src/stm32f4xx_hal_cortex.o
 .debug_info    0x00006ff9     0x209d ./Drivers/STM32F4xx_HAL_Driver/Src/stm32f4xx_hal_eth.o
 .debug_info    0x00009096      0x6db ./Drivers/STM32F4xx_HAL_Driver/Src/stm32f4xx_hal_gpio.o
 .debug_info    0x00009771     0x156f ./Drivers/STM32F4xx_HAL_Driver/Src/stm32f4xx_hal_pcd.o
 .debug_info    0x0000ace0      0x8c9 ./Drivers/STM32F4xx_HAL_Driver/Src/stm32f4xx_hal_rcc.o
 .debug_info    0x0000b5a9     0x2f4f ./Drivers/STM32F4xx_HAL_Driver/Src/stm32f4xx_hal_uart.o
 .debug_info    0x0000e4f8     0x1993 ./Drivers/STM32F4xx_HAL_Driver/Src/stm32f4xx_ll_usb.o

.debug_abbrev   0x00000000     0x234e
 .debug_abbrev  0x00000000      0x247 ./Core/Src/ESP8266_HAL.o
 .debug_abbrev  0x00000247      0x2e5 ./Core/Src/UartRingbuffer_multi.o
 .debug_abbrev  0x0000052c      0x320 ./Core/Src/main.o
 .debug_abbrev  0x0000084c      0x272 ./Core/Src/stm32f4xx_hal_msp.o
 .debug_abbrev  0x00000abe      0x177 ./Core/Src/stm32f4xx_it.o
 .debug_abbrev  0x00000c35       0xbc ./Core/Src/sysmem.o
 .debug_abbrev  0x00000cf1      0x11a ./Core/Src/system_stm32f4xx.o
 .debug_abbrev  0x00000e0b       0x24 ./Core/Startup/startup_stm32f429zitx.o
 .debug_abbrev  0x00000e2f      0x214 ./Drivers/STM32F4xx_HAL_Driver/Src/stm32f4xx_hal.o
 .debug_abbrev  0x00001043      0x328 ./Drivers/STM32F4xx_HAL_Driver/Src/stm32f4xx_hal_cortex.o
 .debug_abbrev  0x0000136b      0x2df ./Drivers/STM32F4xx_HAL_Driver/Src/stm32f4xx_hal_eth.o
 .debug_abbrev  0x0000164a      0x1d4 ./Drivers/STM32F4xx_HAL_Driver/Src/stm32f4xx_hal_gpio.o
 .debug_abbrev  0x0000181e      0x2b9 ./Drivers/STM32F4xx_HAL_Driver/Src/stm32f4xx_hal_pcd.o
 .debug_abbrev  0x00001ad7      0x2b6 ./Drivers/STM32F4xx_HAL_Driver/Src/stm32f4xx_hal_rcc.o
 .debug_abbrev  0x00001d8d      0x30e ./Drivers/STM32F4xx_HAL_Driver/Src/stm32f4xx_hal_uart.o
 .debug_abbrev  0x0000209b      0x2b3 ./Drivers/STM32F4xx_HAL_Driver/Src/stm32f4xx_ll_usb.o

.debug_aranges  0x00000000      0xc20
 .debug_aranges
                0x00000000       0x40 ./Core/Src/ESP8266_HAL.o
 .debug_aranges
                0x00000040       0x88 ./Core/Src/UartRingbuffer_multi.o
 .debug_aranges
                0x000000c8       0x58 ./Core/Src/main.o
 .debug_aranges
                0x00000120       0x50 ./Core/Src/stm32f4xx_hal_msp.o
 .debug_aranges
                0x00000170       0x70 ./Core/Src/stm32f4xx_it.o
 .debug_aranges
                0x000001e0       0x20 ./Core/Src/sysmem.o
 .debug_aranges
                0x00000200       0x28 ./Core/Src/system_stm32f4xx.o
 .debug_aranges
                0x00000228       0x28 ./Core/Startup/startup_stm32f429zitx.o
 .debug_aranges
                0x00000250      0x100 ./Drivers/STM32F4xx_HAL_Driver/Src/stm32f4xx_hal.o
 .debug_aranges
                0x00000350      0x120 ./Drivers/STM32F4xx_HAL_Driver/Src/stm32f4xx_hal_cortex.o
 .debug_aranges
                0x00000470      0x1e0 ./Drivers/STM32F4xx_HAL_Driver/Src/stm32f4xx_hal_eth.o
 .debug_aranges
                0x00000650       0x58 ./Drivers/STM32F4xx_HAL_Driver/Src/stm32f4xx_hal_gpio.o
 .debug_aranges
                0x000006a8      0x148 ./Drivers/STM32F4xx_HAL_Driver/Src/stm32f4xx_hal_pcd.o
 .debug_aranges
                0x000007f0       0x88 ./Drivers/STM32F4xx_HAL_Driver/Src/stm32f4xx_hal_rcc.o
 .debug_aranges
                0x00000878      0x208 ./Drivers/STM32F4xx_HAL_Driver/Src/stm32f4xx_hal_uart.o
 .debug_aranges
                0x00000a80      0x1a0 ./Drivers/STM32F4xx_HAL_Driver/Src/stm32f4xx_ll_usb.o

.debug_rnglists
                0x00000000      0x964
 .debug_rnglists
                0x00000000       0x2f ./Core/Src/ESP8266_HAL.o
 .debug_rnglists
                0x0000002f       0x78 ./Core/Src/UartRingbuffer_multi.o
 .debug_rnglists
                0x000000a7       0x41 ./Core/Src/main.o
 .debug_rnglists
                0x000000e8       0x3a ./Core/Src/stm32f4xx_hal_msp.o
 .debug_rnglists
                0x00000122       0x4f ./Core/Src/stm32f4xx_it.o
 .debug_rnglists
                0x00000171       0x13 ./Core/Src/sysmem.o
 .debug_rnglists
                0x00000184       0x1a ./Core/Src/system_stm32f4xx.o
 .debug_rnglists
                0x0000019e       0x19 ./Core/Startup/startup_stm32f429zitx.o
 .debug_rnglists
                0x000001b7       0xbb ./Drivers/STM32F4xx_HAL_Driver/Src/stm32f4xx_hal.o
 .debug_rnglists
                0x00000272       0xd4 ./Drivers/STM32F4xx_HAL_Driver/Src/stm32f4xx_hal_cortex.o
 .debug_rnglists
                0x00000346      0x17c ./Drivers/STM32F4xx_HAL_Driver/Src/stm32f4xx_hal_eth.o
 .debug_rnglists
                0x000004c2       0x3f ./Drivers/STM32F4xx_HAL_Driver/Src/stm32f4xx_hal_gpio.o
 .debug_rnglists
                0x00000501       0xfa ./Drivers/STM32F4xx_HAL_Driver/Src/stm32f4xx_hal_pcd.o
 .debug_rnglists
                0x000005fb       0x66 ./Drivers/STM32F4xx_HAL_Driver/Src/stm32f4xx_hal_rcc.o
 .debug_rnglists
                0x00000661      0x1bc ./Drivers/STM32F4xx_HAL_Driver/Src/stm32f4xx_hal_uart.o
 .debug_rnglists
                0x0000081d      0x147 ./Drivers/STM32F4xx_HAL_Driver/Src/stm32f4xx_ll_usb.o

.debug_macro    0x00000000    0x24810
 .debug_macro   0x00000000      0x316 ./Core/Src/ESP8266_HAL.o
 .debug_macro   0x00000316      0xab4 ./Core/Src/ESP8266_HAL.o
 .debug_macro   0x00000dca      0x2a1 ./Core/Src/ESP8266_HAL.o
 .debug_macro   0x0000106b       0x2e ./Core/Src/ESP8266_HAL.o
 .debug_macro   0x00001099       0x28 ./Core/Src/ESP8266_HAL.o
 .debug_macro   0x000010c1       0x22 ./Core/Src/ESP8266_HAL.o
 .debug_macro   0x000010e3       0x8e ./Core/Src/ESP8266_HAL.o
 .debug_macro   0x00001171       0x51 ./Core/Src/ESP8266_HAL.o
 .debug_macro   0x000011c2      0x103 ./Core/Src/ESP8266_HAL.o
 .debug_macro   0x000012c5       0x6a ./Core/Src/ESP8266_HAL.o
 .debug_macro   0x0000132f      0x1df ./Core/Src/ESP8266_HAL.o
 .debug_macro   0x0000150e       0x1c ./Core/Src/ESP8266_HAL.o
 .debug_macro   0x0000152a       0x22 ./Core/Src/ESP8266_HAL.o
 .debug_macro   0x0000154c       0xfb ./Core/Src/ESP8266_HAL.o
 .debug_macro   0x00001647     0x1011 ./Core/Src/ESP8266_HAL.o
 .debug_macro   0x00002658      0x11f ./Core/Src/ESP8266_HAL.o
 .debug_macro   0x00002777    0x17fd8 ./Core/Src/ESP8266_HAL.o
 .debug_macro   0x0001a74f       0x6d ./Core/Src/ESP8266_HAL.o
 .debug_macro   0x0001a7bc     0x3703 ./Core/Src/ESP8266_HAL.o
 .debug_macro   0x0001debf      0x189 ./Core/Src/ESP8266_HAL.o
 .debug_macro   0x0001e048       0x5c ./Core/Src/ESP8266_HAL.o
 .debug_macro   0x0001e0a4      0xcba ./Core/Src/ESP8266_HAL.o
 .debug_macro   0x0001ed5e      0x9e9 ./Core/Src/ESP8266_HAL.o
 .debug_macro   0x0001f747      0x115 ./Core/Src/ESP8266_HAL.o
 .debug_macro   0x0001f85c      0x156 ./Core/Src/ESP8266_HAL.o
 .debug_macro   0x0001f9b2       0xa5 ./Core/Src/ESP8266_HAL.o
 .debug_macro   0x0001fa57      0x182 ./Core/Src/ESP8266_HAL.o
 .debug_macro   0x0001fbd9      0x287 ./Core/Src/ESP8266_HAL.o
 .debug_macro   0x0001fe60       0x5f ./Core/Src/ESP8266_HAL.o
 .debug_macro   0x0001febf      0x236 ./Core/Src/ESP8266_HAL.o
 .debug_macro   0x000200f5      0xd44 ./Core/Src/ESP8266_HAL.o
 .debug_macro   0x00020e39      0x132 ./Core/Src/ESP8266_HAL.o
 .debug_macro   0x00020f6b      0x41d ./Core/Src/ESP8266_HAL.o
 .debug_macro   0x00021388       0x2e ./Core/Src/ESP8266_HAL.o
 .debug_macro   0x000213b6      0x127 ./Core/Src/ESP8266_HAL.o
 .debug_macro   0x000214dd       0xe2 ./Core/Src/ESP8266_HAL.o
 .debug_macro   0x000215bf       0x89 ./Core/Src/ESP8266_HAL.o
 .debug_macro   0x00021648      0x2aa ./Core/Src/ESP8266_HAL.o
 .debug_macro   0x000218f2      0x293 ./Core/Src/ESP8266_HAL.o
 .debug_macro   0x00021b85       0xba ./Core/Src/ESP8266_HAL.o
 .debug_macro   0x00021c3f      0x134 ./Core/Src/ESP8266_HAL.o
 .debug_macro   0x00021d73       0x61 ./Core/Src/ESP8266_HAL.o
 .debug_macro   0x00021dd4       0x2a ./Core/Src/ESP8266_HAL.o
 .debug_macro   0x00021dfe       0x43 ./Core/Src/ESP8266_HAL.o
 .debug_macro   0x00021e41       0x34 ./Core/Src/ESP8266_HAL.o
 .debug_macro   0x00021e75       0x16 ./Core/Src/ESP8266_HAL.o
 .debug_macro   0x00021e8b       0x35 ./Core/Src/ESP8266_HAL.o
 .debug_macro   0x00021ec0      0x369 ./Core/Src/ESP8266_HAL.o
 .debug_macro   0x00022229       0x10 ./Core/Src/ESP8266_HAL.o
 .debug_macro   0x00022239       0x16 ./Core/Src/ESP8266_HAL.o
 .debug_macro   0x0002224f       0x43 ./Core/Src/ESP8266_HAL.o
 .debug_macro   0x00022292       0x34 ./Core/Src/ESP8266_HAL.o
 .debug_macro   0x000222c6       0x10 ./Core/Src/ESP8266_HAL.o
 .debug_macro   0x000222d6       0x58 ./Core/Src/ESP8266_HAL.o
 .debug_macro   0x0002232e       0x8e ./Core/Src/ESP8266_HAL.o
 .debug_macro   0x000223bc       0x1c ./Core/Src/ESP8266_HAL.o
 .debug_macro   0x000223d8      0x177 ./Core/Src/ESP8266_HAL.o
 .debug_macro   0x0002254f       0x16 ./Core/Src/ESP8266_HAL.o
 .debug_macro   0x00022565       0x16 ./Core/Src/ESP8266_HAL.o
 .debug_macro   0x0002257b      0x146 ./Core/Src/ESP8266_HAL.o
 .debug_macro   0x000226c1       0x16 ./Core/Src/ESP8266_HAL.o
 .debug_macro   0x000226d7       0x20 ./Core/Src/ESP8266_HAL.o
 .debug_macro   0x000226f7      0x2d2 ./Core/Src/UartRingbuffer_multi.o
 .debug_macro   0x000229c9       0x10 ./Core/Src/UartRingbuffer_multi.o
 .debug_macro   0x000229d9      0x303 ./Core/Src/main.o
 .debug_macro   0x00022cdc      0x130 ./Core/Src/main.o
 .debug_macro   0x00022e0c       0x1c ./Core/Src/main.o
 .debug_macro   0x00022e28       0x1c ./Core/Src/main.o
 .debug_macro   0x00022e44      0x1f7 ./Core/Src/stm32f4xx_hal_msp.o
 .debug_macro   0x0002303b      0x201 ./Core/Src/stm32f4xx_it.o
 .debug_macro   0x0002323c       0xff ./Core/Src/sysmem.o
 .debug_macro   0x0002333b      0x23c ./Core/Src/sysmem.o
 .debug_macro   0x00023577      0x1e8 ./Core/Src/system_stm32f4xx.o
 .debug_macro   0x0002375f      0x248 ./Drivers/STM32F4xx_HAL_Driver/Src/stm32f4xx_hal.o
 .debug_macro   0x000239a7      0x1e8 ./Drivers/STM32F4xx_HAL_Driver/Src/stm32f4xx_hal_cortex.o
 .debug_macro   0x00023b8f      0x2c2 ./Drivers/STM32F4xx_HAL_Driver/Src/stm32f4xx_hal_eth.o
 .debug_macro   0x00023e51      0x1ee ./Drivers/STM32F4xx_HAL_Driver/Src/stm32f4xx_hal_gpio.o
 .debug_macro   0x0002403f      0x1f4 ./Drivers/STM32F4xx_HAL_Driver/Src/stm32f4xx_hal_pcd.o
 .debug_macro   0x00024233      0x20c ./Drivers/STM32F4xx_HAL_Driver/Src/stm32f4xx_hal_rcc.o
 .debug_macro   0x0002443f      0x1e9 ./Drivers/STM32F4xx_HAL_Driver/Src/stm32f4xx_hal_uart.o
 .debug_macro   0x00024628      0x1e8 ./Drivers/STM32F4xx_HAL_Driver/Src/stm32f4xx_ll_usb.o

.debug_line     0x00000000     0xed3e
 .debug_line    0x00000000      0xb53 ./Core/Src/ESP8266_HAL.o
 .debug_line    0x00000b53      0xf1a ./Core/Src/UartRingbuffer_multi.o
 .debug_line    0x00001a6d      0xadb ./Core/Src/main.o
 .debug_line    0x00002548      0x8f5 ./Core/Src/stm32f4xx_hal_msp.o
 .debug_line    0x00002e3d      0x86e ./Core/Src/stm32f4xx_it.o
 .debug_line    0x000036ab      0x583 ./Core/Src/sysmem.o
 .debug_line    0x00003c2e      0x800 ./Core/Src/system_stm32f4xx.o
 .debug_line    0x0000442e       0x7a ./Core/Startup/startup_stm32f429zitx.o
 .debug_line    0x000044a8      0xa9f ./Drivers/STM32F4xx_HAL_Driver/Src/stm32f4xx_hal.o
 .debug_line    0x00004f47      0xd31 ./Drivers/STM32F4xx_HAL_Driver/Src/stm32f4xx_hal_cortex.o
 .debug_line    0x00005c78     0x1a0b ./Drivers/STM32F4xx_HAL_Driver/Src/stm32f4xx_hal_eth.o
 .debug_line    0x00007683      0xc1d ./Drivers/STM32F4xx_HAL_Driver/Src/stm32f4xx_hal_gpio.o
 .debug_line    0x000082a0     0x154f ./Drivers/STM32F4xx_HAL_Driver/Src/stm32f4xx_hal_pcd.o
 .debug_line    0x000097ef      0xddc ./Drivers/STM32F4xx_HAL_Driver/Src/stm32f4xx_hal_rcc.o
 .debug_line    0x0000a5cb     0x293b ./Drivers/STM32F4xx_HAL_Driver/Src/stm32f4xx_hal_uart.o
 .debug_line    0x0000cf06     0x1e38 ./Drivers/STM32F4xx_HAL_Driver/Src/stm32f4xx_ll_usb.o

.debug_str      0x00000000    0xdab72
 .debug_str     0x00000000    0xd5a66 ./Core/Src/ESP8266_HAL.o
                              0xd5d69 (size before relaxing)
 .debug_str     0x000d5a66      0x160 ./Core/Src/UartRingbuffer_multi.o
                              0xd5725 (size before relaxing)
 .debug_str     0x000d5bc6     0x114b ./Core/Src/main.o
                              0xd6dff (size before relaxing)
 .debug_str     0x000d6d11      0x62e ./Core/Src/stm32f4xx_hal_msp.o
                              0xd38cb (size before relaxing)
 .debug_str     0x000d733f       0xed ./Core/Src/stm32f4xx_it.o
                              0xd295e (size before relaxing)
 .debug_str     0x000d742c      0x4dc ./Core/Src/sysmem.o
                               0x60bd (size before relaxing)
 .debug_str     0x000d7908       0xdb ./Core/Src/system_stm32f4xx.o
                              0xd211c (size before relaxing)
 .debug_str     0x000d79e3       0x44 ./Core/Startup/startup_stm32f429zitx.o
                                 0x70 (size before relaxing)
 .debug_str     0x000d7a27      0x648 ./Drivers/STM32F4xx_HAL_Driver/Src/stm32f4xx_hal.o
                              0xd2d3f (size before relaxing)
 .debug_str     0x000d806f      0x32e ./Drivers/STM32F4xx_HAL_Driver/Src/stm32f4xx_hal_cortex.o
                              0xd2a3b (size before relaxing)
 .debug_str     0x000d839d     0x11f2 ./Drivers/STM32F4xx_HAL_Driver/Src/stm32f4xx_hal_eth.o
                              0xd39b3 (size before relaxing)
 .debug_str     0x000d958f       0xe1 ./Drivers/STM32F4xx_HAL_Driver/Src/stm32f4xx_hal_gpio.o
                              0xd2297 (size before relaxing)
 .debug_str     0x000d9670      0x7fc ./Drivers/STM32F4xx_HAL_Driver/Src/stm32f4xx_hal_pcd.o
                              0xd2be7 (size before relaxing)
 .debug_str     0x000d9e6c      0x21f ./Drivers/STM32F4xx_HAL_Driver/Src/stm32f4xx_hal_rcc.o
                              0xd2550 (size before relaxing)
 .debug_str     0x000da08b      0x63c ./Drivers/STM32F4xx_HAL_Driver/Src/stm32f4xx_hal_uart.o
                              0xd2b1e (size before relaxing)
 .debug_str     0x000da6c7      0x4ab ./Drivers/STM32F4xx_HAL_Driver/Src/stm32f4xx_ll_usb.o
                              0xd2ac2 (size before relaxing)

.comment        0x00000000       0x43
 .comment       0x00000000       0x43 ./Core/Src/ESP8266_HAL.o
                                 0x44 (size before relaxing)
 .comment       0x00000043       0x44 ./Core/Src/UartRingbuffer_multi.o
 .comment       0x00000043       0x44 ./Core/Src/main.o
 .comment       0x00000043       0x44 ./Core/Src/stm32f4xx_hal_msp.o
 .comment       0x00000043       0x44 ./Core/Src/stm32f4xx_it.o
 .comment       0x00000043       0x44 ./Core/Src/sysmem.o
 .comment       0x00000043       0x44 ./Core/Src/system_stm32f4xx.o
 .comment       0x00000043       0x44 ./Drivers/STM32F4xx_HAL_Driver/Src/stm32f4xx_hal.o
 .comment       0x00000043       0x44 ./Drivers/STM32F4xx_HAL_Driver/Src/stm32f4xx_hal_cortex.o
 .comment       0x00000043       0x44 ./Drivers/STM32F4xx_HAL_Driver/Src/stm32f4xx_hal_eth.o
 .comment       0x00000043       0x44 ./Drivers/STM32F4xx_HAL_Driver/Src/stm32f4xx_hal_gpio.o
 .comment       0x00000043       0x44 ./Drivers/STM32F4xx_HAL_Driver/Src/stm32f4xx_hal_pcd.o
 .comment       0x00000043       0x44 ./Drivers/STM32F4xx_HAL_Driver/Src/stm32f4xx_hal_rcc.o
 .comment       0x00000043       0x44 ./Drivers/STM32F4xx_HAL_Driver/Src/stm32f4xx_hal_uart.o
 .comment       0x00000043       0x44 ./Drivers/STM32F4xx_HAL_Driver/Src/stm32f4xx_ll_usb.o

.debug_frame    0x00000000     0x37b0
 .debug_frame   0x00000000       0xc8 ./Core/Src/ESP8266_HAL.o
 .debug_frame   0x000000c8      0x21c ./Core/Src/UartRingbuffer_multi.o
 .debug_frame   0x000002e4      0x100 ./Core/Src/main.o
 .debug_frame   0x000003e4      0x110 ./Core/Src/stm32f4xx_hal_msp.o
 .debug_frame   0x000004f4      0x13c ./Core/Src/stm32f4xx_it.o
 .debug_frame   0x00000630       0x34 ./Core/Src/sysmem.o
 .debug_frame   0x00000664       0x58 ./Core/Src/system_stm32f4xx.o
 .debug_frame   0x000006bc      0x3b4 ./Drivers/STM32F4xx_HAL_Driver/Src/stm32f4xx_hal.o
 .debug_frame   0x00000a70      0x4b8 ./Drivers/STM32F4xx_HAL_Driver/Src/stm32f4xx_hal_cortex.o
 .debug_frame   0x00000f28      0x898 ./Drivers/STM32F4xx_HAL_Driver/Src/stm32f4xx_hal_eth.o
 .debug_frame   0x000017c0      0x14c ./Drivers/STM32F4xx_HAL_Driver/Src/stm32f4xx_hal_gpio.o
 .debug_frame   0x0000190c      0x5b8 ./Drivers/STM32F4xx_HAL_Driver/Src/stm32f4xx_hal_pcd.o
 .debug_frame   0x00001ec4      0x1f4 ./Drivers/STM32F4xx_HAL_Driver/Src/stm32f4xx_hal_rcc.o
 .debug_frame   0x000020b8      0x954 ./Drivers/STM32F4xx_HAL_Driver/Src/stm32f4xx_hal_uart.o
 .debug_frame   0x00002a0c      0x7c0 ./Drivers/STM32F4xx_HAL_Driver/Src/stm32f4xx_ll_usb.o
 .debug_frame   0x000031cc      0x144 D:/ST/STM32CubeIDE_1.15.1/STM32CubeIDE/plugins/com.st.stm32cube.ide.mcu.externaltools.gnu-tools-for-stm32.12.3.rel1.win32_1.0.100.202403111256/tools/bin/../lib/gcc/arm-none-eabi/12.3.1/../../../../arm-none-eabi/lib/thumb/v7e-m+fp/hard\libc_nano.a(libc_a-findfp.o)
 .debug_frame   0x00003310       0x6c D:/ST/STM32CubeIDE_1.15.1/STM32CubeIDE/plugins/com.st.stm32cube.ide.mcu.externaltools.gnu-tools-for-stm32.12.3.rel1.win32_1.0.100.202403111256/tools/bin/../lib/gcc/arm-none-eabi/12.3.1/../../../../arm-none-eabi/lib/thumb/v7e-m+fp/hard\libc_nano.a(libc_a-sprintf.o)
 .debug_frame   0x0000337c       0x20 D:/ST/STM32CubeIDE_1.15.1/STM32CubeIDE/plugins/com.st.stm32cube.ide.mcu.externaltools.gnu-tools-for-stm32.12.3.rel1.win32_1.0.100.202403111256/tools/bin/../lib/gcc/arm-none-eabi/12.3.1/../../../../arm-none-eabi/lib/thumb/v7e-m+fp/hard\libc_nano.a(libc_a-memset.o)
 .debug_frame   0x0000339c       0x38 D:/ST/STM32CubeIDE_1.15.1/STM32CubeIDE/plugins/com.st.stm32cube.ide.mcu.externaltools.gnu-tools-for-stm32.12.3.rel1.win32_1.0.100.202403111256/tools/bin/../lib/gcc/arm-none-eabi/12.3.1/../../../../arm-none-eabi/lib/thumb/v7e-m+fp/hard\libc_nano.a(libc_a-reent.o)
 .debug_frame   0x000033d4       0x20 D:/ST/STM32CubeIDE_1.15.1/STM32CubeIDE/plugins/com.st.stm32cube.ide.mcu.externaltools.gnu-tools-for-stm32.12.3.rel1.win32_1.0.100.202403111256/tools/bin/../lib/gcc/arm-none-eabi/12.3.1/../../../../arm-none-eabi/lib/thumb/v7e-m+fp/hard\libc_nano.a(libc_a-errno.o)
 .debug_frame   0x000033f4       0x2c D:/ST/STM32CubeIDE_1.15.1/STM32CubeIDE/plugins/com.st.stm32cube.ide.mcu.externaltools.gnu-tools-for-stm32.12.3.rel1.win32_1.0.100.202403111256/tools/bin/../lib/gcc/arm-none-eabi/12.3.1/../../../../arm-none-eabi/lib/thumb/v7e-m+fp/hard\libc_nano.a(libc_a-init.o)
 .debug_frame   0x00003420       0xb0 D:/ST/STM32CubeIDE_1.15.1/STM32CubeIDE/plugins/com.st.stm32cube.ide.mcu.externaltools.gnu-tools-for-stm32.12.3.rel1.win32_1.0.100.202403111256/tools/bin/../lib/gcc/arm-none-eabi/12.3.1/../../../../arm-none-eabi/lib/thumb/v7e-m+fp/hard\libc_nano.a(libc_a-lock.o)
 .debug_frame   0x000034d0       0x38 D:/ST/STM32CubeIDE_1.15.1/STM32CubeIDE/plugins/com.st.stm32cube.ide.mcu.externaltools.gnu-tools-for-stm32.12.3.rel1.win32_1.0.100.202403111256/tools/bin/../lib/gcc/arm-none-eabi/12.3.1/../../../../arm-none-eabi/lib/thumb/v7e-m+fp/hard\libc_nano.a(libc_a-freer.o)
 .debug_frame   0x00003508       0x50 D:/ST/STM32CubeIDE_1.15.1/STM32CubeIDE/plugins/com.st.stm32cube.ide.mcu.externaltools.gnu-tools-for-stm32.12.3.rel1.win32_1.0.100.202403111256/tools/bin/../lib/gcc/arm-none-eabi/12.3.1/../../../../arm-none-eabi/lib/thumb/v7e-m+fp/hard\libc_nano.a(libc_a-mallocr.o)
 .debug_frame   0x00003558       0x30 D:/ST/STM32CubeIDE_1.15.1/STM32CubeIDE/plugins/com.st.stm32cube.ide.mcu.externaltools.gnu-tools-for-stm32.12.3.rel1.win32_1.0.100.202403111256/tools/bin/../lib/gcc/arm-none-eabi/12.3.1/../../../../arm-none-eabi/lib/thumb/v7e-m+fp/hard\libc_nano.a(libc_a-mlock.o)
 .debug_frame   0x00003588       0x90 D:/ST/STM32CubeIDE_1.15.1/STM32CubeIDE/plugins/com.st.stm32cube.ide.mcu.externaltools.gnu-tools-for-stm32.12.3.rel1.win32_1.0.100.202403111256/tools/bin/../lib/gcc/arm-none-eabi/12.3.1/../../../../arm-none-eabi/lib/thumb/v7e-m+fp/hard\libc_nano.a(libc_a-nano-svfprintf.o)
 .debug_frame   0x00003618       0x60 D:/ST/STM32CubeIDE_1.15.1/STM32CubeIDE/plugins/com.st.stm32cube.ide.mcu.externaltools.gnu-tools-for-stm32.12.3.rel1.win32_1.0.100.202403111256/tools/bin/../lib/gcc/arm-none-eabi/12.3.1/../../../../arm-none-eabi/lib/thumb/v7e-m+fp/hard\libc_nano.a(libc_a-nano-vfprintf_i.o)
 .debug_frame   0x00003678       0x28 D:/ST/STM32CubeIDE_1.15.1/STM32CubeIDE/plugins/com.st.stm32cube.ide.mcu.externaltools.gnu-tools-for-stm32.12.3.rel1.win32_1.0.100.202403111256/tools/bin/../lib/gcc/arm-none-eabi/12.3.1/../../../../arm-none-eabi/lib/thumb/v7e-m+fp/hard\libc_nano.a(libc_a-memmove.o)
 .debug_frame   0x000036a0       0x2c D:/ST/STM32CubeIDE_1.15.1/STM32CubeIDE/plugins/com.st.stm32cube.ide.mcu.externaltools.gnu-tools-for-stm32.12.3.rel1.win32_1.0.100.202403111256/tools/bin/../lib/gcc/arm-none-eabi/12.3.1/../../../../arm-none-eabi/lib/thumb/v7e-m+fp/hard\libc_nano.a(libc_a-sbrkr.o)
 .debug_frame   0x000036cc       0x28 D:/ST/STM32CubeIDE_1.15.1/STM32CubeIDE/plugins/com.st.stm32cube.ide.mcu.externaltools.gnu-tools-for-stm32.12.3.rel1.win32_1.0.100.202403111256/tools/bin/../lib/gcc/arm-none-eabi/12.3.1/../../../../arm-none-eabi/lib/thumb/v7e-m+fp/hard\libc_nano.a(libc_a-memcpy-stub.o)
 .debug_frame   0x000036f4       0x3c D:/ST/STM32CubeIDE_1.15.1/STM32CubeIDE/plugins/com.st.stm32cube.ide.mcu.externaltools.gnu-tools-for-stm32.12.3.rel1.win32_1.0.100.202403111256/tools/bin/../lib/gcc/arm-none-eabi/12.3.1/../../../../arm-none-eabi/lib/thumb/v7e-m+fp/hard\libc_nano.a(libc_a-reallocr.o)
 .debug_frame   0x00003730       0x20 D:/ST/STM32CubeIDE_1.15.1/STM32CubeIDE/plugins/com.st.stm32cube.ide.mcu.externaltools.gnu-tools-for-stm32.12.3.rel1.win32_1.0.100.202403111256/tools/bin/../lib/gcc/arm-none-eabi/12.3.1/../../../../arm-none-eabi/lib/thumb/v7e-m+fp/hard\libc_nano.a(libc_a-msizer.o)
 .debug_frame   0x00003750       0x2c D:/ST/STM32CubeIDE_1.15.1/STM32CubeIDE/plugins/com.st.stm32cube.ide.mcu.externaltools.gnu-tools-for-stm32.12.3.rel1.win32_1.0.100.202403111256/tools/bin/../lib/gcc/arm-none-eabi/12.3.1/thumb/v7e-m+fp/hard\libgcc.a(_aeabi_uldivmod.o)
 .debug_frame   0x0000377c       0x34 D:/ST/STM32CubeIDE_1.15.1/STM32CubeIDE/plugins/com.st.stm32cube.ide.mcu.externaltools.gnu-tools-for-stm32.12.3.rel1.win32_1.0.100.202403111256/tools/bin/../lib/gcc/arm-none-eabi/12.3.1/thumb/v7e-m+fp/hard\libgcc.a(_udivmoddi4.o)

.debug_line_str
                0x00000000       0x54
 .debug_line_str
                0x00000000       0x54 ./Core/Startup/startup_stm32f429zitx.o
